
 Start  Stop   Length Name                   Class
 00000H 0538DH 0538EH CODE                   CODE

  Address         Publics by Name

 0000:2885       $M_CLS_1
 0000:2B78       $M_CLS_2
 0000:2E0B       $M_CLS_3
 0000:1FFB       $M_GET_MSG_ADDRESS
 0000:2309       $M_MSGSERV_1
 0000:232B       $M_MSGSERV_2
 0000:1AE0       $M_RT
 0000:04B3       BIOS_INT_5H
 0000:3DA4       BLOCK_END
 0000:3DA2       BLOCK_START
 0000:05DF       BOX_H
 0000:05E0       BOX_W
 0000:3D83       BUILD_STATE
 0000:30B5       CHAIN_INTERRUPTS
 0000:0C90       COPY_SHARED_DATA
 0000:05DB       CUR_BOX
 0000:05CC       CUR_COLUMN
 0000:05C2       CUR_MODE
 0000:05C0       CUR_MODE_PTR
 0000:05CA       CUR_PAGE
 0000:4507       CUR_PRINTER_TYPE
 0000:05CE       CUR_ROW
 0000:05D4       CUR_SCAN_LNE_LENGTH
 0000:3DA0       CUR_STMT
 0000:2EAB       DEFAULT_BOX
 0000:0672       DET_HW_CONFIG
 0000:3197       DISP_ERROR
 0000:3D31       END_OF_FILE
 0000:04BB       ERROR_CODE
 0000:2ED6       ERROR_DEVICE
 0000:3D2F       FILE_ERROR
 0000:3DA8       FIRST_BLOCK
 0000:2ED8       GRAPHICS_INSTALL
 0000:3D9C       GROUPS_DONE
 0000:445E       GROW_SHARED_DATA
 0000:2E16       INSTALLED
 0000:014D       INT_10H_DRIVER
 0000:0110       INT_2FH_DRIVER
 0000:2EBC       LCD_BOX
 0000:06A6  Abs  LEN_OF_BW_MODULES
 0000:0782  Abs  LEN_OF_COLOR_MODULES
 0000:538E       LIMIT
 0000:3DAB       LOAD_PROFILE
 0000:3DA6       MAX_BLOCK_END
 0000:3D32       MEM_OVERFLOW
 0000:05BF       MODE_TYPE
 0000:05DA       NB_BOXES_PER_PRT_BUF
 0000:05C9       NB_CHAR_COLUMNS
 0000:05C3       NB_COLORS
 0000:2ECE       NB_FREE_BYTES
 0000:05D0       NB_SCAN_LINES
 0000:04B7       OLD_INT_10H
 0000:0112       OLD_INT_2FH
 0000:518D       PARSE_COLORPRINT
 0000:4FCE       PARSE_COLORSELECT
 0000:531F       PARSE_DARKADJUST
 0000:4B98       PARSE_DEFINE
 0000:45F5       PARSE_DISPLAYMODE
 0000:3D30       PARSE_ERROR
 0000:4D4A       PARSE_GRAPHICS
 0000:3A80       PARSE_PARMS
 0000:48D3       PARSE_PRINTBOX
 0000:4508       PARSE_PRINTER
 0000:47CF       PARSE_RESTORE
 0000:46FB       PARSE_SETUP
 0000:4B3E       PARSE_VERB
 0000:01E0       PAT_4X2
 0000:0208       PAT_4X4
 0000:0230       PAT_6X2
 0000:02E2       PAT_6X4
 0000:0276       PAT_8X2
 0000:0359       PAT_8X4
 0000:03FB       PAT_8X6
 0000:3D9E       PREV_STMT
 0000:2ECD       PRINTBOX_ID_LENGTH
 0000:2EA9       PRINTBOX_ID_PTR
 0000:2E28       PRINTER_TYPE_LENGTH
 0000:2E17       PRINTER_TYPE_PARM
 0000:1430       PRINT_BW_APA
 0000:0CA0       PRINT_COLOR
 0000:0CA0       PRINT_MODULE_START
 0000:05E1       PRINT_SCREEN_ALLOWED
 0000:2E29       PROFILE_PATH
 0000:3DAA       PRT_BOX_ERROR
 0000:05D6       PRT_BUF
 0000:04B0       PRT_SCR
 0000:00AC  Abs  PRT_SCR_2FH_NUMBER
 0000:3D84       PTD_FOUND
 0000:0116       RESIDENT_CODE_SEG
 0000:2ED0       RESIDENT_SHARED_DATA_SIZE
 0000:04BC       RGB
 0000:0BAB       RGB2BAND
 0000:0B06       RGB2INT
 0000:05CB       ROTATE_SW
 0000:05D2       SCAN_LINE_MAX_LENGTH
 0000:05C5       SCREEN_HEIGHT
 0000:05C7       SCREEN_WIDTH
 0000:0118       SHARED_DATA_AREA_PTR
 0000:0002  Abs  STDERR
 0000:0001  Abs  STDOUT
 0000:3D9A       STMTS_DONE
 0000:4233       STMT_BUFFER
 0000:3D33       STMT_ERROR
 0000:1D07       SYSDISPMSG
 0000:325B       SYSPARSE
 0000:01A1       TAB_DIRECTORY
 0000:01A0       TAB_DIR_NB_ENTRIES
 0000:2ED4       TEMP_SHARED_DATA_PTR
 0000:4481       TERMINATE_DISPLAYMODE
 0000:44C4       TERMINATE_PRINTER
 0000:04BF       XLT_TAB

  Address         Publics by Value

 0000:0001  Abs  STDOUT
 0000:0002  Abs  STDERR
 0000:00AC  Abs  PRT_SCR_2FH_NUMBER
 0000:0110       INT_2FH_DRIVER
 0000:0112       OLD_INT_2FH
 0000:0116       RESIDENT_CODE_SEG
 0000:0118       SHARED_DATA_AREA_PTR
 0000:014D       INT_10H_DRIVER
 0000:01A0       TAB_DIR_NB_ENTRIES
 0000:01A1       TAB_DIRECTORY
 0000:01E0       PAT_4X2
 0000:0208       PAT_4X4
 0000:0230       PAT_6X2
 0000:0276       PAT_8X2
 0000:02E2       PAT_6X4
 0000:0359       PAT_8X4
 0000:03FB       PAT_8X6
 0000:04B0       PRT_SCR
 0000:04B3       BIOS_INT_5H
 0000:04B7       OLD_INT_10H
 0000:04BB       ERROR_CODE
 0000:04BC       RGB
 0000:04BF       XLT_TAB
 0000:05BF       MODE_TYPE
 0000:05C0       CUR_MODE_PTR
 0000:05C2       CUR_MODE
 0000:05C3       NB_COLORS
 0000:05C5       SCREEN_HEIGHT
 0000:05C7       SCREEN_WIDTH
 0000:05C9       NB_CHAR_COLUMNS
 0000:05CA       CUR_PAGE
 0000:05CB       ROTATE_SW
 0000:05CC       CUR_COLUMN
 0000:05CE       CUR_ROW
 0000:05D0       NB_SCAN_LINES
 0000:05D2       SCAN_LINE_MAX_LENGTH
 0000:05D4       CUR_SCAN_LNE_LENGTH
 0000:05D6       PRT_BUF
 0000:05DA       NB_BOXES_PER_PRT_BUF
 0000:05DB       CUR_BOX
 0000:05DF       BOX_H
 0000:05E0       BOX_W
 0000:05E1       PRINT_SCREEN_ALLOWED
 0000:0672       DET_HW_CONFIG
 0000:06A6  Abs  LEN_OF_BW_MODULES
 0000:0782  Abs  LEN_OF_COLOR_MODULES
 0000:0B06       RGB2INT
 0000:0BAB       RGB2BAND
 0000:0C90       COPY_SHARED_DATA
 0000:0CA0       PRINT_COLOR
 0000:0CA0       PRINT_MODULE_START
 0000:1430       PRINT_BW_APA
 0000:1AE0       $M_RT
 0000:1D07       SYSDISPMSG
 0000:1FFB       $M_GET_MSG_ADDRESS
 0000:2309       $M_MSGSERV_1
 0000:232B       $M_MSGSERV_2
 0000:2885       $M_CLS_1
 0000:2B78       $M_CLS_2
 0000:2E0B       $M_CLS_3
 0000:2E16       INSTALLED
 0000:2E17       PRINTER_TYPE_PARM
 0000:2E28       PRINTER_TYPE_LENGTH
 0000:2E29       PROFILE_PATH
 0000:2EA9       PRINTBOX_ID_PTR
 0000:2EAB       DEFAULT_BOX
 0000:2EBC       LCD_BOX
 0000:2ECD       PRINTBOX_ID_LENGTH
 0000:2ECE       NB_FREE_BYTES
 0000:2ED0       RESIDENT_SHARED_DATA_SIZE
 0000:2ED4       TEMP_SHARED_DATA_PTR
 0000:2ED6       ERROR_DEVICE
 0000:2ED8       GRAPHICS_INSTALL
 0000:30B5       CHAIN_INTERRUPTS
 0000:3197       DISP_ERROR
 0000:325B       SYSPARSE
 0000:3A80       PARSE_PARMS
 0000:3D2F       FILE_ERROR
 0000:3D30       PARSE_ERROR
 0000:3D31       END_OF_FILE
 0000:3D32       MEM_OVERFLOW
 0000:3D33       STMT_ERROR
 0000:3D83       BUILD_STATE
 0000:3D84       PTD_FOUND
 0000:3D9A       STMTS_DONE
 0000:3D9C       GROUPS_DONE
 0000:3D9E       PREV_STMT
 0000:3DA0       CUR_STMT
 0000:3DA2       BLOCK_START
 0000:3DA4       BLOCK_END
 0000:3DA6       MAX_BLOCK_END
 0000:3DA8       FIRST_BLOCK
 0000:3DAA       PRT_BOX_ERROR
 0000:3DAB       LOAD_PROFILE
 0000:4233       STMT_BUFFER
 0000:445E       GROW_SHARED_DATA
 0000:4481       TERMINATE_DISPLAYMODE
 0000:44C4       TERMINATE_PRINTER
 0000:4507       CUR_PRINTER_TYPE
 0000:4508       PARSE_PRINTER
 0000:45F5       PARSE_DISPLAYMODE
 0000:46FB       PARSE_SETUP
 0000:47CF       PARSE_RESTORE
 0000:48D3       PARSE_PRINTBOX
 0000:4B3E       PARSE_VERB
 0000:4B98       PARSE_DEFINE
 0000:4D4A       PARSE_GRAPHICS
 0000:4FCE       PARSE_COLORSELECT
 0000:518D       PARSE_COLORPRINT
 0000:531F       PARSE_DARKADJUST
 0000:538E       LIMIT

Program entry point at 0000:0100
