 io8

 Timestamp is 6557dd24 (Fri Nov 17 18:37:40 2023)

 Preferred load address is 00010000

 Start         Length     Name                   Class
 0001:00000000 0000505eH .text                   CODE
 0002:00000000 00000130H .idata$5                DATA
 0002:00000130 000000a8H .rdata                  DATA
 0002:000001d8 00000054H .rdata$debug            DATA
 0002:00000230 00000004H .rdata$sxdata           DATA
 0003:00000000 00000090H .data                   DATA
 0003:00000090 0000001cH .bss                    DATA
 0004:00000000 00002db6H PAGE                    CODE
 0005:00000000 000001c9H INIT                    CODE
 0005:000001cc 0000003cH .idata$2                CODE
 0005:00000208 00000014H .idata$3                CODE
 0005:0000021c 00000130H .idata$4                CODE
 0005:0000034c 0000062aH .idata$6                CODE
 0006:00000000 000000a0H .rsrc$01                DATA
 0006:000000a0 00000388H .rsrc$02                DATA

  Address         Publics by Value              Rva+Base     Lib:Object

 0000:00000001       ___safe_se_handler_count   00000001     <absolute>
 0001:00000000       _Io8_SwitchCardInterrupt@4 00011000 f   io8_nt.obj
 0001:00000016       _ExceptionHandle@8         00011016 f   io8_nt.obj
 0001:00000086       _io8_ibyte@8               00011086 f   io8_nt.obj
 0001:000000aa       _io8_obyte@12              000110aa f   io8_nt.obj
 0001:000000d2       _io8_ibyte_addr@8          000110d2 f   io8_nt.obj
 0001:000000f0       _io8_obyte_addr@12         000110f0 f   io8_nt.obj
 0001:00000112       _let_command_finish@4      00011112 f   io8_nt.obj
 0001:00000144       _Io8_Present@4             00011144 f   io8_nt.obj
 0001:0000020e       _io8_set_ivect@8           0001120e f   io8_nt.obj
 0001:00000280       _io8_init@4                00011280 f   io8_nt.obj
 0001:000002b4       _Io8_SetBaud@4             000112b4 f   io8_nt.obj
 0001:00000382       _Io8_SetLineControl@4      00011382 f   io8_nt.obj
 0001:00000408       _Io8_SetChars@4            00011408 f   io8_nt.obj
 0001:00000462       _Io8_SetDTR@4              00011462 f   io8_nt.obj
 0001:0000048e       _Io8_ClearDTR@4            0001148e f   io8_nt.obj
 0001:000004ba       _Io8_SendXon@4             000114ba f   io8_nt.obj
 0001:000004fa       _Io8_SetFlowControl@4      000114fa f   io8_nt.obj
 0001:000005b0       _Io8_Simulate_Xon@4        000115b0 f   io8_nt.obj
 0001:000005ec       _GetModemStatusNoChannel@4 000115ec f   io8_nt.obj
 0001:0000062c       _Io8_GetModemControl@4     0001162c f   io8_nt.obj
 0001:00000662       _Io8_EnableAllInterrupts@4 00011662 f   io8_nt.obj
 0001:00000690       _Io8_DisableAllInterrupts@4 00011690 f   io8_nt.obj
 0001:000006ba       _EnableTxInterruptsNoChannel@4 000116ba f   io8_nt.obj
 0001:000006e4       _DisableTxInterruptsNoChannel@4 000116e4 f   io8_nt.obj
 0001:0000070e       _Io8_EnableRxInterrupts@4  0001170e f   io8_nt.obj
 0001:0000074c       _Io8_DisableRxInterruptsNoChannel@4 0001174c f   io8_nt.obj
 0001:00000776       _Io8_TurnOnBreak@4         00011776 f   io8_nt.obj
 0001:000007ce       _Io8_TurnOffBreak@4        000117ce f   io8_nt.obj
 0001:0000083a       _Acknowledge@8             0001183a f   io8_nt.obj
 0001:00000880       _SendTxChar@4              00011880 f   io8_nt.obj
 0001:000009ca       _PutReceivedChar@4         000119ca f   io8_nt.obj
 0001:00000a82       _io8_mint@4                00011a82 f   io8_nt.obj
 0001:00000aa0       _Io8_ResetBoard@4          00011aa0 f   io8_nt.obj
 0001:00000aca       _Io8_ResetChannel@4        00011aca f   io8_nt.obj
 0001:00000b8c       _Io8_GetModemStatus@4      00011b8c f   io8_nt.obj
 0001:00000bb0       _Io8_EnableTxInterrupts@4  00011bb0 f   io8_nt.obj
 0001:00000bd4       _io8_txint@4               00011bd4 f   io8_nt.obj
 0001:00000c50       _io8_rxint@4               00011c50 f   io8_nt.obj
 0001:00000cba       _Io8_Interrupt@4           00011cba f   io8_nt.obj
 0001:00000da8       _SerialISR@8               00011da8 f   io8_isr.obj
 0001:00000db4       _SerialPutChar@8           00011db4 f   io8_isr.obj
 0001:00000fdc       _SerialProcessLSR@8        00011fdc f   io8_isr.obj
 0001:00001164       _XXX_SetHandFlow@8         00012164 f   io8_iioc.obj
 0001:00001184       _SerialCommError@16        00012184 f   error.obj
 0001:000011b8       _SerialStartFlush@4        000121b8 f   flush.obj
 0001:000011f2       _SerialFlush@8             000121f2 f   flush.obj
 0001:00001240       _SerialGetNextImmediate@20 00012240 f   immediat.obj
 0001:000012aa       _SerialGiveImmediateToIsr@4 000122aa f   immediat.obj
 0001:000012ea       _SerialGrabImmediateFromIsr@4 000122ea f   immediat.obj
 0001:0000130e       _SerialCompleteImmediate@16 0001230e f   immediat.obj
 0001:00001346       _SerialTimeoutImmediate@16 00012346 f   immediat.obj
 0001:00001386       _SerialCancelImmediate@8   00012386 f   immediat.obj
 0001:000013c2       _SerialStartImmediate@4    000123c2 f   immediat.obj
 0001:00001500       _SerialGetStats@4          00012500 f   ioctl.obj
 0001:00001524       _SerialClearStats@4        00012524 f   ioctl.obj
 0001:00001548       _SerialSetChars@4          00012548 f   ioctl.obj
 0001:0000156a       _SerialGetModemUpdate@4    0001256a f   ioctl.obj
 0001:00001584       _SerialGetCommStatus@4     00012584 f   ioctl.obj
 0001:00001644       _SerialSetEscapeChar@4     00012644 f   ioctl.obj
 0001:00001662       _SerialGetProperties@8     00012662 f   ioctl.obj
 0001:000016ca       _SerialIoControl@8         000126ca f   ioctl.obj
 0001:00002194       _SerialSetRTS@4            00013194 f   modmflow.obj
 0001:00002194       _SerialSetDTR@4            00013194 f   modmflow.obj
 0001:000021a2       _SerialClrRTS@4            000131a2 f   modmflow.obj
 0001:000021a2       _SerialClrDTR@4            000131a2 f   modmflow.obj
 0001:000021b0       _SerialTurnOnBreak@4       000131b0 f   modmflow.obj
 0001:000021c8       _SerialTurnOffBreak@4      000131c8 f   modmflow.obj
 0001:0000220c       _SerialPretendXoff@4       0001320c f   modmflow.obj
 0001:0000221c       _SerialPretendXon@4        0001321c f   modmflow.obj
 0001:0000226e       _SerialProdXonXoff@8       0001326e f   modmflow.obj
 0001:000022bc       _SerialHandleModemUpdate@8 000132bc f   modmflow.obj
 0001:00002420       _SerialSetupNewHandFlow@8  00013420 f   modmflow.obj
 0001:0000256a       _SerialSetHandFlow@4       0001356a f   modmflow.obj
 0001:00002588       _SerialHandleReducedIntBuffer@4 00013588 f   modmflow.obj
 0001:00002600       _SerialMarkOpen@4          00013600 f   openclos.obj
 0001:00002644       _SerialMarkClose@4         00013644 f   openclos.obj
 0001:00002664       _SerialCleanup@8           00013664 f   openclos.obj
 0001:00002716       _SerialCheckOpen@4         00013716 f   openclos.obj
 0001:0000272e       _SerialGetCharTime@4       0001372e f   openclos.obj
 0001:000027a0       _SerialCreateOpen@8        000137a0 f   openclos.obj
 0001:0000295e       _SerialClose@8             0001395e f   openclos.obj
 0001:00002a28       _SerialPurgeInterruptBuff@4 00013a28 f   purge.obj
 0001:00002a68       _SerialStartPurge@4        00013a68 f   purge.obj
 0001:00002b38       _SerialSetInformationFile@8 00013b38 f   qsfile.obj
 0001:00002b9a       _SerialQueryInformationFile@8 00013b9a f   qsfile.obj
 0001:00002c32       _SerialGrabReadFromIsr@4   00013c32 f   read.obj
 0001:00002ca6       _SerialUpdateReadByIsr@4   00013ca6 f   read.obj
 0001:00002cc0       _SerialGetCharsFromIntBuffer@4 00013cc0 f   read.obj
 0001:00002daa       _SerialUpdateInterruptBuffer@4 00013daa f   read.obj
 0001:00002dc4       _SerialMoveToNewIntBuffer@8 00013dc4 f   read.obj
 0001:00002e58       _SerialUpdateAndSwitchToNew@4 00013e58 f   read.obj
 0001:00002f0a       _SerialResizeBuffer@4      00013f0a f   read.obj
 0001:00002fa8       _SerialStartRead@4         00013fa8 f   read.obj
 0001:000032d4       _SerialCompleteRead@16     000142d4 f   read.obj
 0001:00003326       _SerialCancelCurrentRead@8 00014326 f   read.obj
 0001:00003376       _SerialReadTimeout@16      00014376 f   read.obj
 0001:000033ce       _SerialIntervalReadTimeout@16 000143ce f   read.obj
 0001:0000353a       _SerialUpdateAndSwitchToUser@4 0001453a f   read.obj
 0001:000035d4       _SerialRead@8              000145d4 f   read.obj
 0001:00003644       _SerialRundownIrpRefs@12   00014644 f   utils.obj
 0001:0000369e       _SerialCancelQueued@8      0001469e f   utils.obj
 0001:00003734       _SerialCompleteIfError@8   00014734 f   utils.obj
 0001:0000378e       _SerialKillAllReadsOrWrites@12 0001478e f   utils.obj
 0001:0000382a       _SerialGetNextIrp@20       0001482a f   utils.obj
 0001:0000389e       _SerialTryToCompleteCurrent@40 0001489e f   utils.obj
 0001:00003944       _SerialStartOrQueue@20     00014944 f   utils.obj
 0001:00003a20       _SerialGrabWaitFromIsr@4   00014a20 f   waitmask.obj
 0001:00003a52       _SerialGiveWaitToIsr@4     00014a52 f   waitmask.obj
 0001:00003ac2       _SerialFinishOldWait@4     00014ac2 f   waitmask.obj
 0001:00003b18       _SerialCancelWait@8        00014b18 f   waitmask.obj
 0001:00003b4a       _SerialCompleteWait@16     00014b4a f   waitmask.obj
 0001:00003b78       _SerialStartMask@4         00014b78 f   waitmask.obj
 0001:00003cba       _SerialProcessEmptyTransmit@4 00014cba f   write.obj
 0001:00003d2c       _SerialGiveWriteToIsr@4    00014d2c f   write.obj
 0001:00003d86       _SerialGrabWriteFromIsr@4  00014d86 f   write.obj
 0001:00003dca       _SerialGrabXoffFromIsr@4   00014dca f   write.obj
 0001:00003dee       _SerialGiveXoffToIsr@4     00014dee f   write.obj
 0001:00003e10       _SerialGetNextWrite@20     00014e10 f   write.obj
 0001:00003f6a       _SerialCancelCurrentWrite@8 00014f6a f   write.obj
 0001:00003fae       _SerialStartWrite@4        00014fae f   write.obj
 0001:000041ce       _SerialCompleteWrite@16    000151ce f   write.obj
 0001:00004210       _SerialWriteTimeout@16     00015210 f   write.obj
 0001:0000425a       _SerialCompleteXoff@16     0001525a f   write.obj
 0001:000042a6       _SerialTimeoutXoff@16      000152a6 f   write.obj
 0001:000042f8       _SerialCancelCurrentXoff@8 000152f8 f   write.obj
 0001:00004344       _SerialWrite@8             00015344 f   write.obj
 0001:000043b4       _Spx_DispatchPnpPowerComplete@12 000153b4 f   spx_pnp.obj
 0001:000043f4       _Spx_PowerWaitForDriverBelow@8 000153f4 f   spx_powr.obj
 0001:00004466       _Spx_UnstallIrps@4         00015466 f   spx_disp.obj
 0001:00004534       _Spx_FilterCancelQueued@8  00015534 f   spx_disp.obj
 0001:0000455c       _Spx_KillStalledIRPs@4     0001555c f   spx_disp.obj
 0001:000045bc       _Spx_FilterIRPs@8          000155bc f   spx_disp.obj
 0001:000046ca       _Spx_Flush@8               000156ca f   spx_disp.obj
 0001:0000471c       _Spx_Write@8               0001571c f   spx_disp.obj
 0001:0000476e       _Spx_Read@8                0001576e f   spx_disp.obj
 0001:000047c0       _Spx_IoControl@8           000157c0 f   spx_disp.obj
 0001:00004812       _Spx_InternalIoControl@8   00015812 f   spx_disp.obj
 0001:00004864       _Spx_CreateOpen@8          00015864 f   spx_disp.obj
 0001:0000491c       _Spx_Close@8               0001591c f   spx_disp.obj
 0001:00004996       _Spx_Cleanup@8             00015996 f   spx_disp.obj
 0001:000049f8       _Spx_QueryInformationFile@8 000159f8 f   spx_disp.obj
 0001:00004a4a       _Spx_SetInformationFile@8  00015a4a f   spx_disp.obj
 0001:00004a9c       _Spx_SerialInternalIoControl@8 00015a9c f   spx_iioc.obj
 0001:00004ba4       _SpxSetOrClearPnpPowerFlags@12 00015ba4 f   spxutils.obj
 0001:00004bda       _SpxSetOrClearUnstallingFlag@8 00015bda f   spxutils.obj
 0001:00004c02       _SpxAllocateMem@8          00015c02 f   spxutils.obj
 0001:00004c3a       _SpxAllocateMemWithQuota@8 00015c3a f   spxutils.obj
 0001:00004c72       _SpxFreeMem@4              00015c72 f   spxutils.obj
 0001:00004c82       _SpxIRPCounter@12          00015c82 f   spxutils.obj
 0001:00004fbc       _SpxClearAllPortStats@4    00015fbc f   spxutils.obj
 0001:00004fd4       ___report_gsfailure        00015fd4 f   BufferOverflowK:gs_support.obj
 0001:00004fe6       @__security_check_cookie@4 00015fe6 f   BufferOverflowK:secchk.obj
 0001:00004ff4       __SEH_prolog               00015ff4 f   ntoskrnl:sehprolg.obj
 0001:0000502f       __SEH_epilog               0001602f f   ntoskrnl:sehprolg.obj
 0001:00005040       __except_handler3          00016040 f   ntoskrnl:ntoskrnl.exe
 0001:00005046       __allmul                   00016046 f   ntoskrnl:ntoskrnl.exe
 0001:0000504c       _DbgBreakPoint@0           0001604c f   ntoskrnl:ntoskrnl.exe
 0001:00005052       _WmiSystemControl@16       00016052 f   wmilib:WMILIB.SYS
 0001:00005058       _WmiCompleteRequest@20     00016058 f   wmilib:WMILIB.SYS
 0002:00000000       __imp_@ExReleaseFastMutex@4 00017000     hal:HAL.dll
 0002:00000004       __imp__READ_PORT_UCHAR@4   00017004     hal:HAL.dll
 0002:00000008       __imp_@ExAcquireFastMutex@4 00017008     hal:HAL.dll
 0002:0000000c       __imp__WRITE_PORT_UCHAR@8  0001700c     hal:HAL.dll
 0002:00000010       __imp_@KfAcquireSpinLock@4 00017010     hal:HAL.dll
 0002:00000014       __imp_@KfReleaseSpinLock@8 00017014     hal:HAL.dll
 0002:00000018       \177HAL_NULL_THUNK_DATA    00017018     hal:HAL.dll
 0002:0000001c       __imp__WmiSystemControl@16 0001701c     wmilib:WMILIB.SYS
 0002:00000020       __imp__WmiCompleteRequest@20 00017020     wmilib:WMILIB.SYS
 0002:00000024       \177WMILIB_NULL_THUNK_DATA 00017024     wmilib:WMILIB.SYS
 0002:00000028       __imp__wcsstr              00017028     ntoskrnl:ntoskrnl.exe
 0002:0000002c       __imp___wcsupr             0001702c     ntoskrnl:ntoskrnl.exe
 0002:00000030       __imp__IoGetDeviceProperty@20 00017030     ntoskrnl:ntoskrnl.exe
 0002:00000034       __imp_@IofCompleteRequest@8 00017034     ntoskrnl:ntoskrnl.exe
 0002:00000038       __imp__IoReleaseCancelSpinLock@4 00017038     ntoskrnl:ntoskrnl.exe
 0002:0000003c       __imp__IoAcquireCancelSpinLock@4 0001703c     ntoskrnl:ntoskrnl.exe
 0002:00000040       __imp__KeSetTimer@16       00017040     ntoskrnl:ntoskrnl.exe
 0002:00000044       __imp__RtlExtendedIntegerMultiply@12 00017044     ntoskrnl:ntoskrnl.exe
 0002:00000048       __imp___except_handler3    00017048     ntoskrnl:ntoskrnl.exe
 0002:0000004c       __imp__MmQuerySystemSize@0 0001704c     ntoskrnl:ntoskrnl.exe
 0002:00000050       __imp__KeDelayExecutionThread@12 00017050     ntoskrnl:ntoskrnl.exe
 0002:00000054       __imp__memmove             00017054     ntoskrnl:ntoskrnl.exe
 0002:00000058       __imp__KeQuerySystemTime@4 00017058     ntoskrnl:ntoskrnl.exe
 0002:0000005c       __imp___allmul             0001705c     ntoskrnl:ntoskrnl.exe
 0002:00000060       __imp__DbgBreakPoint@0     00017060     ntoskrnl:ntoskrnl.exe
 0002:00000064       __imp__RtlQueryRegistryValues@20 00017064     ntoskrnl:ntoskrnl.exe
 0002:00000068       __imp__KeSetEvent@12       00017068     ntoskrnl:ntoskrnl.exe
 0002:0000006c       __imp__PoSetPowerState@12  0001706c     ntoskrnl:ntoskrnl.exe
 0002:00000070       __imp__KeInitializeEvent@12 00017070     ntoskrnl:ntoskrnl.exe
 0002:00000074       __imp_@ObfReferenceObject@4 00017074     ntoskrnl:ntoskrnl.exe
 0002:00000078       __imp__IoCreateDevice@28   00017078     ntoskrnl:ntoskrnl.exe
 0002:0000007c       __imp__RtlAppendUnicodeStringToString@8 0001707c     ntoskrnl:ntoskrnl.exe
 0002:00000080       __imp__RtlIntegerToUnicodeString@12 00017080     ntoskrnl:ntoskrnl.exe
 0002:00000084       __imp__RtlInitUnicodeString@8 00017084     ntoskrnl:ntoskrnl.exe
 0002:00000088       __imp__RtlAppendUnicodeToString@8 00017088     ntoskrnl:ntoskrnl.exe
 0002:0000008c       __imp__IoDetachDevice@4    0001708c     ntoskrnl:ntoskrnl.exe
 0002:00000090       __imp_@ObfDereferenceObject@4 00017090     ntoskrnl:ntoskrnl.exe
 0002:00000094       __imp__IoDeleteDevice@4    00017094     ntoskrnl:ntoskrnl.exe
 0002:00000098       __imp__ZwClose@4           00017098     ntoskrnl:ntoskrnl.exe
 0002:0000009c       __imp__KeInsertQueueDpc@12 0001709c     ntoskrnl:ntoskrnl.exe
 0002:000000a0       __imp__IoOpenDeviceRegistryKey@16 000170a0     ntoskrnl:ntoskrnl.exe
 0002:000000a4       __imp__RtlDeleteRegistryValue@12 000170a4     ntoskrnl:ntoskrnl.exe
 0002:000000a8       __imp__IoSetDeviceInterfaceState@8 000170a8     ntoskrnl:ntoskrnl.exe
 0002:000000ac       __imp__IoDeleteSymbolicLink@4 000170ac     ntoskrnl:ntoskrnl.exe
 0002:000000b0       __imp__IoAttachDeviceToDeviceStack@8 000170b0     ntoskrnl:ntoskrnl.exe
 0002:000000b4       __imp__KeWaitForSingleObject@20 000170b4     ntoskrnl:ntoskrnl.exe
 0002:000000b8       __imp_@IofCallDriver@8     000170b8     ntoskrnl:ntoskrnl.exe
 0002:000000bc       __imp__IoRegisterDeviceInterface@16 000170bc     ntoskrnl:ntoskrnl.exe
 0002:000000c0       __imp__RtlWriteRegistryValue@24 000170c0     ntoskrnl:ntoskrnl.exe
 0002:000000c4       __imp__IoCreateSymbolicLink@8 000170c4     ntoskrnl:ntoskrnl.exe
 0002:000000c8       __imp__PoCallDriver@8      000170c8     ntoskrnl:ntoskrnl.exe
 0002:000000cc       __imp__PoStartNextPowerIrp@4 000170cc     ntoskrnl:ntoskrnl.exe
 0002:000000d0       __imp__PoRequestPowerIrp@24 000170d0     ntoskrnl:ntoskrnl.exe
 0002:000000d4       __imp__ExAllocatePoolWithTag@12 000170d4     ntoskrnl:ntoskrnl.exe
 0002:000000d8       __imp__ExAllocatePoolWithQuotaTag@12 000170d8     ntoskrnl:ntoskrnl.exe
 0002:000000dc       __imp__ExFreePoolWithTag@8 000170dc     ntoskrnl:ntoskrnl.exe
 0002:000000e0       __imp__RtlAnsiStringToUnicodeString@12 000170e0     ntoskrnl:ntoskrnl.exe
 0002:000000e4       __imp__RtlxAnsiStringToUnicodeSize@4 000170e4     ntoskrnl:ntoskrnl.exe
 0002:000000e8       _NlsMbCodePageTag          000170e8     ntoskrnl:ntoskrnl.exe
 0002:000000e8       __imp__NlsMbCodePageTag    000170e8     ntoskrnl:ntoskrnl.exe
 0002:000000ec       __imp__RtlInitAnsiString@8 000170ec     ntoskrnl:ntoskrnl.exe
 0002:000000f0       __imp__ZwQueryValueKey@24  000170f0     ntoskrnl:ntoskrnl.exe
 0002:000000f4       __imp__IoWriteErrorLogEntry@4 000170f4     ntoskrnl:ntoskrnl.exe
 0002:000000f8       __imp__IoAllocateErrorLogEntry@8 000170f8     ntoskrnl:ntoskrnl.exe
 0002:000000fc       __imp__KeTickCount         000170fc     ntoskrnl:ntoskrnl.exe
 0002:000000fc       _KeTickCount               000170fc     ntoskrnl:ntoskrnl.exe
 0002:00000100       __imp__KeBugCheckEx@20     00017100     ntoskrnl:ntoskrnl.exe
 0002:00000104       __imp__KeCancelTimer@4     00017104     ntoskrnl:ntoskrnl.exe
 0002:00000108       __imp__KeRemoveQueueDpc@4  00017108     ntoskrnl:ntoskrnl.exe
 0002:0000010c       __imp__KeInitializeTimer@4 0001710c     ntoskrnl:ntoskrnl.exe
 0002:00000110       __imp__KeInitializeDpc@12  00017110     ntoskrnl:ntoskrnl.exe
 0002:00000114       __imp__IoWMIRegistrationControl@8 00017114     ntoskrnl:ntoskrnl.exe
 0002:00000118       __imp__IoDisconnectInterrupt@4 00017118     ntoskrnl:ntoskrnl.exe
 0002:0000011c       __imp__IoConnectInterrupt@44 0001711c     ntoskrnl:ntoskrnl.exe
 0002:00000120       __imp__KeSynchronizeExecution@12 00017120     ntoskrnl:ntoskrnl.exe
 0002:00000124       __imp__wcslen              00017124     ntoskrnl:ntoskrnl.exe
 0002:00000128       __imp__sprintf             00017128     ntoskrnl:ntoskrnl.exe
 0002:0000012c       \177ntoskrnl_NULL_THUNK_DATA 0001712c     ntoskrnl:ntoskrnl.exe
 0002:00000178       _GUID_DEVINTERFACE_COMPORT 00017178     spx_pnp.obj
 0002:00000190       __load_config_used         00017190     ntoskrnl:loadcfg.obj
 0002:00000230       ___safe_se_handler_table   00017230     <linker-defined>
 0003:00000000       _StdSerialPortNameGuid     00018000     spx_wmi.obj
 0003:00000010       _StdSerialPortCommGuid     00018010     spx_wmi.obj
 0003:00000020       _StdSerialPortHWGuid       00018020     spx_wmi.obj
 0003:00000030       _StdSerialPortPerfGuid     00018030     spx_wmi.obj
 0003:00000040       _StdSerialPortPropertiesGuid 00018040     spx_wmi.obj
 0003:00000050       _SpxPort_WmiGuidList       00018050     spx_wmi.obj
 0003:0000008c       ___security_cookie         0001808c     BufferOverflowK:gs_support.obj
 0003:00000098       _BREAK_ON_POWER_UP         00018098     spx_powr.obj
 0003:000000a0       _SavedRegistryPath         000180a0     <common>
 0003:000000a8       ___@@_PchSym_@00@UhieADignUwirevihUhvirzoUnkhUhkcUnkhUrlIUlyqUrDIGUkivxlnkOlyq@io8 000180a8     <common>
 0004:00000042       _XXX_CardGetResources@12   00019042 f   io8_pnp.obj
 0004:00000228       _XXX_CardInit@4            00019228 f   io8_pnp.obj
 0004:000002d6       _XXX_CardStart@4           000192d6 f   io8_pnp.obj
 0004:00000472       _XXX_CardStop@4            00019472 f   io8_pnp.obj
 0004:000004c8       _XXX_CardDeInit@4          000194c8 f   io8_pnp.obj
 0004:00000550       _XXX_PortInit@4            00019550 f   io8_pnp.obj
 0004:0000068c       _XXX_PortStart@4           0001968c f   io8_pnp.obj
 0004:000009dc       _XXX_PortStop@4            000199dc f   io8_pnp.obj
 0004:00000a90       _XXX_PortDeInit@4          00019a90 f   io8_pnp.obj
 0004:00000aec       _XXX_CardPowerDown@4       00019aec f   io8_powr.obj
 0004:00000afa       _XXX_CardPowerUp@4         00019afa f   io8_powr.obj
 0004:00000b08       _XXX_PortQueryPowerDown@4  00019b08 f   io8_powr.obj
 0004:00000b0e       _XXX_PortPowerDown@4       00019b0e f   io8_powr.obj
 0004:00000b2e       _XXX_PortPowerUp@4         00019b2e f   io8_powr.obj
 0004:00000bce       _SpxGetNtCardType@4        00019bce f   io8_w2k.obj
 0004:00000c98       _DriverUnload@4            00019c98 f   spx_init.obj
 0004:00000cb2       _Spx_Card_StartDevice@8    00019cb2 f   spx_pnp.obj
 0004:00000d0c       _Spx_EnumPorts@4           00019d0c f   spx_pnp.obj
 0004:00000f50       _Spx_Card_StopDevice@4     00019f50 f   spx_pnp.obj
 0004:00000f7c       _Spx_Card_RemoveDevice@4   00019f7c f   spx_pnp.obj
 0004:000010e8       _Spx_GetExternalName@4     0001a0e8 f   spx_pnp.obj
 0004:00001396       _Spx_RemoveExternalNaming@4 0001a396 f   spx_pnp.obj
 0004:00001462       _Spx_Port_StopDevice@4     0001a462 f   spx_pnp.obj
 0004:0000148e       _Spx_Port_RemoveDevice@4   0001a48e f   spx_pnp.obj
 0004:00001546       _Spx_CreatePortInstanceID@4 0001a546 f   spx_pnp.obj
 0004:000016c4       _Spx_AddDevice@8           0001a6c4 f   spx_pnp.obj
 0004:0000181a       _Spx_CallDriverBelow@8     0001a81a f   spx_pnp.obj
 0004:00001966       _Spx_DoExternalNaming@4    0001a966 f   spx_pnp.obj
 0004:00001b4a       _Spx_Card_FDO_DispatchPnp@8 0001ab4a f   spx_pnp.obj
 0004:00001d7c       _Spx_Port_StartDevice@4    0001ad7c f   spx_pnp.obj
 0004:00001eb0       _Spx_Port_PDO_DispatchPnp@8 0001aeb0 f   spx_pnp.obj
 0004:00002314       _Spx_DispatchPnp@8         0001b314 f   spx_pnp.obj
 0004:00002336       _Spx_CardSetSystemPowerState@8 0001b336 f   spx_powr.obj
 0004:0000239e       _Spx_CardSetPowerStateD3@8 0001b39e f   spx_powr.obj
 0004:000023fe       _Spx_PortSetSystemPowerState@8 0001b3fe f   spx_powr.obj
 0004:00002454       _Spx_PortQuerySystemPowerState@8 0001b454 f   spx_powr.obj
 0004:000024aa       _Spx_PortSetPowerStateD0@8 0001b4aa f   spx_powr.obj
 0004:00002508       _Spx_PortSetPowerStateD3@8 0001b508 f   spx_powr.obj
 0004:00002560       _Spx_CardSetPowerStateD0@8 0001b560 f   spx_powr.obj
 0004:000025c6       _Spx_PortSetDevicePowerState@8 0001b5c6 f   spx_powr.obj
 0004:0000262c       _Spx_CardSetDevicePowerState@8 0001b62c f   spx_powr.obj
 0004:0000269a       _Spx_Port_PDO_DispatchPower@8 0001b69a f   spx_powr.obj
 0004:0000273c       _Spx_Card_FDO_DispatchPower@8 0001b73c f   spx_powr.obj
 0004:000027ba       _Spx_DispatchPower@8       0001b7ba f   spx_powr.obj
 0004:000027dc       _Spx_DispatchSystemControl@8 0001b7dc f   spx_wmi.obj
 0004:0000283a       _SpxPort_WmiQueryRegInfo@24 0001b83a f   spx_wmi.obj
 0004:0000285e       _SpxPort_WmiQueryDataBlock@32 0001b85e f   spx_wmi.obj
 0004:00002958       _SpxPort_WmiSetDataBlock@24 0001b958 f   spx_wmi.obj
 0004:0000297e       _SpxPort_WmiSetDataItem@28 0001b97e f   spx_wmi.obj
 0004:000029a4       _SpxPort_WmiInitializeWmilibContext@4 0001b9a4 f   spx_wmi.obj
 0004:000029e6       _Spx_MemCompare@24         0001b9e6 f   spxutils.obj
 0004:00002a42       _Spx_InitMultiString       0001ba42 f   spxutils.obj
 0004:00002b6c       _Spx_GetRegistryKeyValue@20 0001bb6c f   spxutils.obj
 0004:00002bf0       _Spx_LogError@64           0001bbf0 f   spxutils.obj
 0004:00002d1a       _Spx_LogMessage@52         0001bd1a f   spxutils.obj
 0005:00000032       _DriverEntry@8             0001c032 f   spx_init.obj
 0005:00000199       _GsDriverEntry@8           0001c199 f   BufferOverflowK:gs_support.obj
 0005:000001cc       __IMPORT_DESCRIPTOR_ntoskrnl 0001c1cc     ntoskrnl:ntoskrnl.exe
 0005:000001e0       __IMPORT_DESCRIPTOR_HAL    0001c1e0     hal:HAL.dll
 0005:000001f4       __IMPORT_DESCRIPTOR_WMILIB 0001c1f4     wmilib:WMILIB.SYS
 0005:00000208       __NULL_IMPORT_DESCRIPTOR   0001c208     ntoskrnl:ntoskrnl.exe

 entry point at        0005:00000199

 Static symbols

