 sx

 Timestamp is 6557dd24 (Fri Nov 17 18:37:40 2023)

 Preferred load address is 00010000

 Start         Length     Name                   Class
 0001:00000000 000062f8H .text                   CODE
 0002:00000000 0000013cH .idata$5                DATA
 0002:00000140 000000a8H .rdata                  DATA
 0002:000001e8 00000052H .rdata$debug            DATA
 0002:00000240 00000004H .rdata$sxdata           DATA
 0003:00000000 0000d8f4H .data                   DATA
 0003:0000d8f8 00000024H .bss                    DATA
 0004:00000000 00003522H PAGE                    CODE
 0005:00000000 000001c9H INIT                    CODE
 0005:000001cc 0000003cH .idata$2                CODE
 0005:00000208 00000014H .idata$3                CODE
 0005:0000021c 0000013cH .idata$4                CODE
 0005:00000358 00000674H .idata$6                CODE
 0006:00000000 000000a0H .rsrc$01                DATA
 0006:000000a0 00000380H .rsrc$02                DATA

  Address         Publics by Value              Rva+Base     Lib:Object

 0000:00000001       ___safe_se_handler_count   00000001     <absolute>
 0001:00000000       _Spx_UnstallIrps@4         00011000 f   spx_disp.obj
 0001:000000ce       _Spx_FilterCancelQueued@8  000110ce f   spx_disp.obj
 0001:000000f6       _Spx_KillStalledIRPs@4     000110f6 f   spx_disp.obj
 0001:00000156       _Spx_FilterIRPs@8          00011156 f   spx_disp.obj
 0001:00000264       _Spx_Flush@8               00011264 f   spx_disp.obj
 0001:000002b6       _Spx_Write@8               000112b6 f   spx_disp.obj
 0001:00000308       _Spx_Read@8                00011308 f   spx_disp.obj
 0001:0000035a       _Spx_IoControl@8           0001135a f   spx_disp.obj
 0001:000003ac       _Spx_InternalIoControl@8   000113ac f   spx_disp.obj
 0001:000003fe       _Spx_CreateOpen@8          000113fe f   spx_disp.obj
 0001:000004b6       _Spx_Close@8               000114b6 f   spx_disp.obj
 0001:00000530       _Spx_Cleanup@8             00011530 f   spx_disp.obj
 0001:00000592       _Spx_QueryInformationFile@8 00011592 f   spx_disp.obj
 0001:000005e4       _Spx_SetInformationFile@8  000115e4 f   spx_disp.obj
 0001:00000636       _Spx_DispatchPnpPowerComplete@12 00011636 f   spx_pnp.obj
 0001:00000676       _Spx_PowerWaitForDriverBelow@8 00011676 f   spx_powr.obj
 0001:000006e8       _SpxSetOrClearPnpPowerFlags@12 000116e8 f   spxutils.obj
 0001:0000071e       _SpxSetOrClearUnstallingFlag@8 0001171e f   spxutils.obj
 0001:00000746       _SpxAllocateMem@8          00011746 f   spxutils.obj
 0001:0000077e       _SpxAllocateMemWithQuota@8 0001177e f   spxutils.obj
 0001:000007b6       _SpxFreeMem@4              000117b6 f   spxutils.obj
 0001:000007c6       _SpxIRPCounter@12          000117c6 f   spxutils.obj
 0001:00000b00       _SpxClearAllPortStats@4    00011b00 f   spxutils.obj
 0001:00000b42       _PLX_9050_CNTRL_REG_FIX@4  00011b42 f   spxutils.obj
 0001:00000be6       _Spx_SerialInternalIoControl@8 00011be6 f   spx_iioc.obj
 0001:00000cee       _XXX_SetHandFlow@8         00011cee f   sx_iioc.obj
 0001:00000d06       _XXX_CardPowerUp@4         00011d06 f   sx_powr.obj
 0001:00000d4a       _XXX_PortQueryPowerDown@4  00011d4a f   sx_powr.obj
 0001:00000d50       _XXX_PortPowerDown@4       00011d50 f   sx_powr.obj
 0001:00000dea       _XXX_PortPowerUp@4         00011dea f   sx_powr.obj
 0001:00000e8c       _CardStop@4                00011e8c f   sx_powr.obj
 0001:00000f4e       _XXX_CardPowerDown@4       00011f4e f   sx_powr.obj
 0001:00000f76       _SerialCommError@16        00011f76 f   error.obj
 0001:00000faa       _SerialStartFlush@4        00011faa f   flush.obj
 0001:00001022       _SerialFlush@8             00012022 f   flush.obj
 0001:00001070       _SerialGetNextImmediate@20 00012070 f   immediat.obj
 0001:000010cc       _SerialGiveImmediateToIsr@4 000120cc f   immediat.obj
 0001:00001106       _SerialGrabImmediateFromIsr@4 00012106 f   immediat.obj
 0001:0000112a       _SerialCompleteImmediate@16 0001212a f   immediat.obj
 0001:00001162       _SerialTimeoutImmediate@16 00012162 f   immediat.obj
 0001:000011a2       _SerialCancelImmediate@8   000121a2 f   immediat.obj
 0001:000011de       _SerialStartImmediate@4    000121de f   immediat.obj
 0001:0000130e       _SerialGetStats@4          0001230e f   ioctl.obj
 0001:00001332       _SerialClearStats@4        00012332 f   ioctl.obj
 0001:00001356       _SerialSetChars@4          00012356 f   ioctl.obj
 0001:00001378       _SerialGetModemUpdate@4    00012378 f   ioctl.obj
 0001:00001390       _SerialGetCommStatus@4     00012390 f   ioctl.obj
 0001:00001454       _SerialSetEscapeChar@4     00012454 f   ioctl.obj
 0001:00001472       _SerialGetProperties@8     00012472 f   ioctl.obj
 0001:000014f2       _SerialIoControl@8         000124f2 f   ioctl.obj
 0001:00001f82       _SerialISR@8               00012f82 f   isr.obj
 0001:00001f8e       _SerialTransferReadChar@12 00012f8e f   isr.obj
 0001:0000205e       _SerialPutBlock@16         0001305e f   isr.obj
 0001:0000247c       _SerialProcessLSR@8        0001347c f   isr.obj
 0001:000025a8       _SerialSetDTR@4            000135a8 f   modmflow.obj
 0001:000025b6       _SerialClrDTR@4            000135b6 f   modmflow.obj
 0001:000025c4       _SerialSetRTS@4            000135c4 f   modmflow.obj
 0001:000025d2       _SerialClrRTS@4            000135d2 f   modmflow.obj
 0001:000025e0       _SerialTurnOnBreak@4       000135e0 f   modmflow.obj
 0001:0000260c       _SerialPretendXoff@4       0001360c f   modmflow.obj
 0001:00002648       _SerialPretendXon@4        00013648 f   modmflow.obj
 0001:00002696       _SerialHandleReducedIntBuffer@4 00013696 f   modmflow.obj
 0001:0000270a       _SerialHandleModemUpdate@4 0001370a f   modmflow.obj
 0001:000028bc       _SerialPerhapsLowerRTS@4   000138bc f   modmflow.obj
 0001:00002934       _SerialInvokePerhapsLowerRTS@16 00013934 f   modmflow.obj
 0001:0000294c       _SerialDecrementRTSCounter@4 0001394c f   modmflow.obj
 0001:0000295c       _SerialSetupNewHandFlow@8  0001395c f   modmflow.obj
 0001:00002b70       _SerialSetHandFlow@4       00013b70 f   modmflow.obj
 0001:00002b8c       _SerialTurnOffBreak@4      00013b8c f   modmflow.obj
 0001:00002bd8       _SerialStartTimerLowerRTS@16 00013bd8 f   modmflow.obj
 0001:00002c58       _SerialMarkOpen@4          00013c58 f   openclos.obj
 0001:00002ca4       _SerialMarkClose@4         00013ca4 f   openclos.obj
 0001:00002cbc       _SerialCleanup@8           00013cbc f   openclos.obj
 0001:00002d96       _SerialGetCharTime@4       00013d96 f   openclos.obj
 0001:00002e06       _SerialCreateOpen@8        00013e06 f   openclos.obj
 0001:00002fb2       _SerialWaitForTxToDrain@4  00013fb2 f   openclos.obj
 0001:00003010       _SerialClose@8             00014010 f   openclos.obj
 0001:000030e6       _SerialPurgeInterruptBuff@4 000140e6 f   purge.obj
 0001:00003142       _SerialStartPurge@4        00014142 f   purge.obj
 0001:0000323c       _SerialSetInformationFile@8 0001423c f   qsfile.obj
 0001:0000329e       _SerialQueryInformationFile@8 0001429e f   qsfile.obj
 0001:00003336       _SerialGrabReadFromIsr@4   00014336 f   read.obj
 0001:000033c2       _SerialUpdateReadByIsr@4   000143c2 f   read.obj
 0001:000033dc       _SerialGetCharsFromIntBuffer@4 000143dc f   read.obj
 0001:000034c6       _SerialUpdateInterruptBuffer@4 000144c6 f   read.obj
 0001:000034fe       _SerialMoveToNewIntBuffer@8 000144fe f   read.obj
 0001:00003592       _SerialUpdateAndSwitchToNew@4 00014592 f   read.obj
 0001:0000367c       _SerialResizeBuffer@4      0001467c f   read.obj
 0001:00003710       _SerialStartRead@4         00014710 f   read.obj
 0001:00003a24       _SerialCompleteRead@16     00014a24 f   read.obj
 0001:00003a76       _SerialCancelCurrentRead@8 00014a76 f   read.obj
 0001:00003ac6       _SerialReadTimeout@16      00014ac6 f   read.obj
 0001:00003b1e       _SerialIntervalReadTimeout@16 00014b1e f   read.obj
 0001:00003c80       _SerialUpdateAndSwitchToUser@4 00014c80 f   read.obj
 0001:00003d1a       _SerialRead@8              00014d1a f   read.obj
 0001:00003d8a       _SerialRundownIrpRefs@12   00014d8a f   utils.obj
 0001:00003de4       _SerialCancelQueued@8      00014de4 f   utils.obj
 0001:00003e7a       _SerialCompleteIfError@8   00014e7a f   utils.obj
 0001:00003ed4       _SerialKillAllReadsOrWrites@12 00014ed4 f   utils.obj
 0001:00003f70       _SerialGetNextIrp@20       00014f70 f   utils.obj
 0001:00003fe4       _SerialTryToCompleteCurrent@40 00014fe4 f   utils.obj
 0001:00004094       _SerialStartOrQueue@20     00015094 f   utils.obj
 0001:00004170       _SerialGrabWaitFromIsr@4   00015170 f   waitmask.obj
 0001:000041a2       _SerialGiveWaitToIsr@4     000151a2 f   waitmask.obj
 0001:00004212       _SerialFinishOldWait@4     00015212 f   waitmask.obj
 0001:00004268       _SerialCancelWait@8        00015268 f   waitmask.obj
 0001:0000429a       _SerialCompleteWait@16     0001529a f   waitmask.obj
 0001:000042c8       _SerialStartMask@4         000152c8 f   waitmask.obj
 0001:000043ea       _SerialProcessEmptyTransmit@4 000153ea f   write.obj
 0001:00004490       _SerialGiveWriteToIsr@4    00015490 f   write.obj
 0001:000044dc       _SerialGrabWriteFromIsr@4  000154dc f   write.obj
 0001:00004520       _SerialGrabXoffFromIsr@4   00015520 f   write.obj
 0001:00004544       _SerialGiveXoffToIsr@4     00015544 f   write.obj
 0001:00004566       _SerialGetNextWrite@20     00015566 f   write.obj
 0001:000046a8       _SerialCancelCurrentWrite@8 000156a8 f   write.obj
 0001:000046ec       _SerialStartWrite@4        000156ec f   write.obj
 0001:000048fc       _SerialCompleteWrite@16    000158fc f   write.obj
 0001:0000493e       _SerialWriteTimeout@16     0001593e f   write.obj
 0001:00004988       _SerialCompleteXoff@16     00015988 f   write.obj
 0001:000049d4       _SerialTimeoutXoff@16      000159d4 f   write.obj
 0001:00004a26       _SerialCancelCurrentXoff@8 00015a26 f   write.obj
 0001:00004a72       _SerialWrite@8             00015a72 f   write.obj
 0001:00004ae2       _Slxos_CheckBaud@8         00015ae2 f   slxos_nt.obj
 0001:00004c2a       _Slxos_SetBaud@4           00015c2a f   slxos_nt.obj
 0001:00004ede       _Slxos_SetLineControl@4    00015ede f   slxos_nt.obj
 0001:00004fdc       _Slxos_SetChars@4          00015fdc f   slxos_nt.obj
 0001:0000506e       _Slxos_SetDTR@4            0001606e f   slxos_nt.obj
 0001:000050e0       _Slxos_ClearDTR@4          000160e0 f   slxos_nt.obj
 0001:00005152       _Slxos_SetRTS@4            00016152 f   slxos_nt.obj
 0001:000051c4       _Slxos_ClearRTS@4          000161c4 f   slxos_nt.obj
 0001:00005236       _Slxos_FlushTxBuff@4       00016236 f   slxos_nt.obj
 0001:000052a0       _Slxos_SendXon@4           000162a0 f   slxos_nt.obj
 0001:000052c4       _Slxos_SetFlowControl@4    000162c4 f   slxos_nt.obj
 0001:000053e0       _Slxos_Resume@4            000163e0 f   slxos_nt.obj
 0001:00005442       _Slxos_GetModemStatus@4    00016442 f   slxos_nt.obj
 0001:000054ae       _Slxos_GetModemControl@4   000164ae f   slxos_nt.obj
 0001:000054d0       _Slxos_EnableAllInterrupts@4 000164d0 f   slxos_nt.obj
 0001:00005504       _Slxos_DisableAllInterrupts@4 00016504 f   slxos_nt.obj
 0001:0000555e       _Slxos_TurnOnBreak@4       0001655e f   slxos_nt.obj
 0001:000055c2       _Slxos_TurnOffBreak@4      000165c2 f   slxos_nt.obj
 0001:000055fe       _Slxos_Interrupt@4         000165fe f   slxos_nt.obj
 0001:0000570e       _Slxos_SyncExec@16         0001670e f   slxos_nt.obj
 0001:0000573e       _ExceptionHandle@8         0001673e f   slxos_nt.obj
 0001:000057ac       _SpxCopyBytes@12           000167ac f   slxos_nt.obj
 0001:000057ca       _Slxos_GetCharsInTxBuffer@4 000167ca f   slxos_nt.obj
 0001:000057e0       _slxos_rxint@4             000167e0 f   slxos_nt.obj
 0001:0000588a       _slxos_init@4              0001688a f   slxos_nt.obj
 0001:00005e1a       _Slxos_ResetChannel@4      00016e1a f   slxos_nt.obj
 0001:00005e4a       _CopyCharsToTxBuffer@12    00016e4a f   slxos_nt.obj
 0001:00005f3e       _SendTxChar@4              00016f3e f   slxos_nt.obj
 0001:00005fee       _Slxos_ResetBoard@4        00016fee f   slxos_nt.obj
 0001:00005ff4       _slxos_txint@4             00016ff4 f   slxos_nt.obj
 0001:0000609a       _Slxos_PollForInterrupt@8  0001709a f   slxos_nt.obj
 0001:000061fc       _Slxos_IsrDpc@16           000171fc f   slxos_nt.obj
 0001:00006226       _Slxos_PolledDpc@16        00017226 f   slxos_nt.obj
 0001:0000626d       ___report_gsfailure        0001726d f   BufferOverflowK:gs_support.obj
 0001:0000627f       @__security_check_cookie@4 0001727f f   BufferOverflowK:secchk.obj
 0001:0000628e       _DbgBreakPoint@0           0001728e f   ntoskrnl:ntoskrnl.exe
 0001:00006294       __SEH_prolog               00017294 f   ntoskrnl:sehprolg.obj
 0001:000062cf       __SEH_epilog               000172cf f   ntoskrnl:sehprolg.obj
 0001:000062e0       __except_handler3          000172e0 f   ntoskrnl:ntoskrnl.exe
 0001:000062e6       __allmul                   000172e6 f   ntoskrnl:ntoskrnl.exe
 0001:000062ec       _WmiSystemControl@16       000172ec f   wmilib:WMILIB.SYS
 0001:000062f2       _WmiCompleteRequest@20     000172f2 f   wmilib:WMILIB.SYS
 0002:00000000       __imp__WRITE_PORT_UCHAR@8  00018000     hal:HAL.dll
 0002:00000004       __imp_@KfAcquireSpinLock@4 00018004     hal:HAL.dll
 0002:00000008       __imp__READ_PORT_UCHAR@4   00018008     hal:HAL.dll
 0002:0000000c       __imp_@KfReleaseSpinLock@8 0001800c     hal:HAL.dll
 0002:00000010       __imp_@ExAcquireFastMutex@4 00018010     hal:HAL.dll
 0002:00000014       __imp_@ExReleaseFastMutex@4 00018014     hal:HAL.dll
 0002:00000018       \177HAL_NULL_THUNK_DATA    00018018     hal:HAL.dll
 0002:0000001c       __imp__WmiSystemControl@16 0001801c     wmilib:WMILIB.SYS
 0002:00000020       __imp__WmiCompleteRequest@20 00018020     wmilib:WMILIB.SYS
 0002:00000024       \177WMILIB_NULL_THUNK_DATA 00018024     wmilib:WMILIB.SYS
 0002:00000028       __imp_@ObfReferenceObject@4 00018028     ntoskrnl:ntoskrnl.exe
 0002:0000002c       __imp__IoCreateDevice@28   0001802c     ntoskrnl:ntoskrnl.exe
 0002:00000030       __imp__RtlAppendUnicodeStringToString@8 00018030     ntoskrnl:ntoskrnl.exe
 0002:00000034       __imp__RtlIntegerToUnicodeString@12 00018034     ntoskrnl:ntoskrnl.exe
 0002:00000038       __imp__RtlInitUnicodeString@8 00018038     ntoskrnl:ntoskrnl.exe
 0002:0000003c       __imp__RtlAppendUnicodeToString@8 0001803c     ntoskrnl:ntoskrnl.exe
 0002:00000040       __imp__IoDetachDevice@4    00018040     ntoskrnl:ntoskrnl.exe
 0002:00000044       __imp_@ObfDereferenceObject@4 00018044     ntoskrnl:ntoskrnl.exe
 0002:00000048       __imp__IoDeleteDevice@4    00018048     ntoskrnl:ntoskrnl.exe
 0002:0000004c       __imp__sprintf             0001804c     ntoskrnl:ntoskrnl.exe
 0002:00000050       __imp__ZwClose@4           00018050     ntoskrnl:ntoskrnl.exe
 0002:00000054       __imp__wcslen              00018054     ntoskrnl:ntoskrnl.exe
 0002:00000058       __imp__IoOpenDeviceRegistryKey@16 00018058     ntoskrnl:ntoskrnl.exe
 0002:0000005c       __imp__RtlDeleteRegistryValue@12 0001805c     ntoskrnl:ntoskrnl.exe
 0002:00000060       __imp__IoSetDeviceInterfaceState@8 00018060     ntoskrnl:ntoskrnl.exe
 0002:00000064       __imp__IoDeleteSymbolicLink@4 00018064     ntoskrnl:ntoskrnl.exe
 0002:00000068       __imp__IoGetDeviceProperty@20 00018068     ntoskrnl:ntoskrnl.exe
 0002:0000006c       __imp__IoAttachDeviceToDeviceStack@8 0001806c     ntoskrnl:ntoskrnl.exe
 0002:00000070       __imp__KeWaitForSingleObject@20 00018070     ntoskrnl:ntoskrnl.exe
 0002:00000074       __imp_@IofCallDriver@8     00018074     ntoskrnl:ntoskrnl.exe
 0002:00000078       __imp__IoRegisterDeviceInterface@16 00018078     ntoskrnl:ntoskrnl.exe
 0002:0000007c       __imp__RtlWriteRegistryValue@24 0001807c     ntoskrnl:ntoskrnl.exe
 0002:00000080       __imp__IoCreateSymbolicLink@8 00018080     ntoskrnl:ntoskrnl.exe
 0002:00000084       __imp__PoCallDriver@8      00018084     ntoskrnl:ntoskrnl.exe
 0002:00000088       __imp__PoStartNextPowerIrp@4 00018088     ntoskrnl:ntoskrnl.exe
 0002:0000008c       __imp__PoRequestPowerIrp@24 0001808c     ntoskrnl:ntoskrnl.exe
 0002:00000090       __imp__ExAllocatePoolWithTag@12 00018090     ntoskrnl:ntoskrnl.exe
 0002:00000094       __imp__ExAllocatePoolWithQuotaTag@12 00018094     ntoskrnl:ntoskrnl.exe
 0002:00000098       __imp__ExFreePoolWithTag@8 00018098     ntoskrnl:ntoskrnl.exe
 0002:0000009c       __imp__KeInitializeEvent@12 0001809c     ntoskrnl:ntoskrnl.exe
 0002:000000a0       __imp__RtlxAnsiStringToUnicodeSize@4 000180a0     ntoskrnl:ntoskrnl.exe
 0002:000000a4       _NlsMbCodePageTag          000180a4     ntoskrnl:ntoskrnl.exe
 0002:000000a4       __imp__NlsMbCodePageTag    000180a4     ntoskrnl:ntoskrnl.exe
 0002:000000a8       __imp__RtlInitAnsiString@8 000180a8     ntoskrnl:ntoskrnl.exe
 0002:000000ac       __imp__ZwQueryValueKey@24  000180ac     ntoskrnl:ntoskrnl.exe
 0002:000000b0       __imp__IoWriteErrorLogEntry@4 000180b0     ntoskrnl:ntoskrnl.exe
 0002:000000b4       __imp__IoAllocateErrorLogEntry@8 000180b4     ntoskrnl:ntoskrnl.exe
 0002:000000b8       __imp__MmUnmapIoSpace@8    000180b8     ntoskrnl:ntoskrnl.exe
 0002:000000bc       __imp__MmMapIoSpace@16     000180bc     ntoskrnl:ntoskrnl.exe
 0002:000000c0       __imp__KeSetTimer@16       000180c0     ntoskrnl:ntoskrnl.exe
 0002:000000c4       __imp__KeInitializeTimer@4 000180c4     ntoskrnl:ntoskrnl.exe
 0002:000000c8       __imp__IoDisconnectInterrupt@4 000180c8     ntoskrnl:ntoskrnl.exe
 0002:000000cc       __imp__IoConnectInterrupt@44 000180cc     ntoskrnl:ntoskrnl.exe
 0002:000000d0       __imp__KeInitializeDpc@12  000180d0     ntoskrnl:ntoskrnl.exe
 0002:000000d4       __imp__KeCancelTimer@4     000180d4     ntoskrnl:ntoskrnl.exe
 0002:000000d8       __imp__IoWMIRegistrationControl@8 000180d8     ntoskrnl:ntoskrnl.exe
 0002:000000dc       __imp__KeRemoveQueueDpc@4  000180dc     ntoskrnl:ntoskrnl.exe
 0002:000000e0       __imp__wcsstr              000180e0     ntoskrnl:ntoskrnl.exe
 0002:000000e4       __imp___wcsupr             000180e4     ntoskrnl:ntoskrnl.exe
 0002:000000e8       __imp__RtlExtendedIntegerMultiply@12 000180e8     ntoskrnl:ntoskrnl.exe
 0002:000000ec       __imp___except_handler3    000180ec     ntoskrnl:ntoskrnl.exe
 0002:000000f0       __imp__KeInsertQueueDpc@12 000180f0     ntoskrnl:ntoskrnl.exe
 0002:000000f4       __imp__MmQuerySystemSize@0 000180f4     ntoskrnl:ntoskrnl.exe
 0002:000000f8       __imp__KeQuerySystemTime@4 000180f8     ntoskrnl:ntoskrnl.exe
 0002:000000fc       __imp___allmul             000180fc     ntoskrnl:ntoskrnl.exe
 0002:00000100       __imp_@KefReleaseSpinLockFromDpcLevel@4 00018100     ntoskrnl:ntoskrnl.exe
 0002:00000104       __imp_@KefAcquireSpinLockAtDpcLevel@4 00018104     ntoskrnl:ntoskrnl.exe
 0002:00000108       _KeTickCount               00018108     ntoskrnl:ntoskrnl.exe
 0002:00000108       __imp__KeTickCount         00018108     ntoskrnl:ntoskrnl.exe
 0002:0000010c       __imp__KeBugCheckEx@20     0001810c     ntoskrnl:ntoskrnl.exe
 0002:00000110       __imp__PoSetPowerState@12  00018110     ntoskrnl:ntoskrnl.exe
 0002:00000114       __imp__KeSetEvent@12       00018114     ntoskrnl:ntoskrnl.exe
 0002:00000118       __imp_@IofCompleteRequest@8 00018118     ntoskrnl:ntoskrnl.exe
 0002:0000011c       __imp__KeDelayExecutionThread@12 0001811c     ntoskrnl:ntoskrnl.exe
 0002:00000120       __imp__IoAcquireCancelSpinLock@4 00018120     ntoskrnl:ntoskrnl.exe
 0002:00000124       __imp__IoReleaseCancelSpinLock@4 00018124     ntoskrnl:ntoskrnl.exe
 0002:00000128       __imp__memmove             00018128     ntoskrnl:ntoskrnl.exe
 0002:0000012c       __imp__RtlQueryRegistryValues@20 0001812c     ntoskrnl:ntoskrnl.exe
 0002:00000130       __imp__RtlAnsiStringToUnicodeString@12 00018130     ntoskrnl:ntoskrnl.exe
 0002:00000134       __imp__DbgBreakPoint@0     00018134     ntoskrnl:ntoskrnl.exe
 0002:00000138       \177ntoskrnl_NULL_THUNK_DATA 00018138     ntoskrnl:ntoskrnl.exe
 0002:00000170       _GUID_DEVINTERFACE_COMPORT 00018170     spx_pnp.obj
 0002:0000019c       ??_C@_03MIFHJHDN@?$CFW?$CF?$AA@ 0001819c     download.obj
 0002:000001a0       __load_config_used         000181a0     ntoskrnl:loadcfg.obj
 0002:00000240       ___safe_se_handler_table   00018240     <linker-defined>
 0003:00000000       _StdSerialPortNameGuid     00019000     spx_wmi.obj
 0003:00000010       _StdSerialPortCommGuid     00019010     spx_wmi.obj
 0003:00000020       _StdSerialPortHWGuid       00019020     spx_wmi.obj
 0003:00000030       _StdSerialPortPerfGuid     00019030     spx_wmi.obj
 0003:00000040       _StdSerialPortPropertiesGuid 00019040     spx_wmi.obj
 0003:00000050       _SpxPort_WmiGuidList       00019050     spx_wmi.obj
 0003:00000090       _si2_z280_ident            00019090     download.obj
 0003:00000098       _si2_z280_download         00019098     download.obj
 0003:00002158       _si2_z280_dsize            0001b158     download.obj
 0003:0000215c       _si3_t225_ident            0001b15c     download.obj
 0003:00002160       _si3_t225_bootstrap        0001b160     download.obj
 0003:00002168       _si3_t225_bsize            0001b168     download.obj
 0003:0000216c       _si3_t225_bootloadaddr     0001b16c     download.obj
 0003:00002170       _si3_t225_download         0001b170     download.obj
 0003:0000745c       _si3_t225_dsize            0002045c     download.obj
 0003:00007460       _si4_cf_ident              00020460     download.obj
 0003:00007468       _si4_cf_download           00020468     download.obj
 0003:0000d8ec       _si4_cf_dsize              000268ec     download.obj
 0003:0000d8f0       ___security_cookie         000268f0     BufferOverflowK:gs_support.obj
 0003:0000d900       _BREAK_ON_POWER_UP         00026900     spx_powr.obj
 0003:0000d904       _si2_z280_downloadaddr     00026904     download.obj
 0003:0000d908       _si3_t225_downloadaddr     00026908     download.obj
 0003:0000d90c       _si4_cf_downloadaddr       0002690c     download.obj
 0003:0000d910       _SavedRegistryPath         00026910     <common>
 0003:0000d918       ___@@_PchSym_@00@UhieADignUwirevihUhvirzoUnkhUhkcUnkhUhcUlyqUrDIGUkivxlnkOlyq@sx 00026918     <common>
 0004:00000000       _DriverUnload@4            00027000 f   spx_init.obj
 0004:0000001a       _Spx_Card_StartDevice@8    0002701a f   spx_pnp.obj
 0004:00000072       _Spx_EnumPorts@4           00027072 f   spx_pnp.obj
 0004:000002b6       _Spx_Card_StopDevice@4     000272b6 f   spx_pnp.obj
 0004:000002e2       _Spx_Card_RemoveDevice@4   000272e2 f   spx_pnp.obj
 0004:0000044e       _Spx_GetExternalName@4     0002744e f   spx_pnp.obj
 0004:000006fc       _Spx_RemoveExternalNaming@4 000276fc f   spx_pnp.obj
 0004:000007c8       _Spx_Port_StopDevice@4     000277c8 f   spx_pnp.obj
 0004:000007f4       _Spx_Port_RemoveDevice@4   000277f4 f   spx_pnp.obj
 0004:000008ac       _Spx_CreatePortInstanceID@4 000278ac f   spx_pnp.obj
 0004:00000a2a       _Spx_AddDevice@8           00027a2a f   spx_pnp.obj
 0004:00000b82       _Spx_CallDriverBelow@8     00027b82 f   spx_pnp.obj
 0004:00000cce       _Spx_DoExternalNaming@4    00027cce f   spx_pnp.obj
 0004:00000eb2       _Spx_Card_FDO_DispatchPnp@8 00027eb2 f   spx_pnp.obj
 0004:000010e4       _Spx_Port_StartDevice@4    000280e4 f   spx_pnp.obj
 0004:00001218       _Spx_Port_PDO_DispatchPnp@8 00028218 f   spx_pnp.obj
 0004:0000167c       _Spx_DispatchPnp@8         0002867c f   spx_pnp.obj
 0004:0000169e       _Spx_CardSetSystemPowerState@8 0002869e f   spx_powr.obj
 0004:00001706       _Spx_CardSetPowerStateD3@8 00028706 f   spx_powr.obj
 0004:00001766       _Spx_PortSetSystemPowerState@8 00028766 f   spx_powr.obj
 0004:000017bc       _Spx_PortQuerySystemPowerState@8 000287bc f   spx_powr.obj
 0004:00001812       _Spx_PortSetPowerStateD0@8 00028812 f   spx_powr.obj
 0004:00001870       _Spx_PortSetPowerStateD3@8 00028870 f   spx_powr.obj
 0004:000018c8       _Spx_CardSetPowerStateD0@8 000288c8 f   spx_powr.obj
 0004:0000192e       _Spx_PortSetDevicePowerState@8 0002892e f   spx_powr.obj
 0004:00001994       _Spx_CardSetDevicePowerState@8 00028994 f   spx_powr.obj
 0004:00001a02       _Spx_Port_PDO_DispatchPower@8 00028a02 f   spx_powr.obj
 0004:00001aa4       _Spx_Card_FDO_DispatchPower@8 00028aa4 f   spx_powr.obj
 0004:00001b22       _Spx_DispatchPower@8       00028b22 f   spx_powr.obj
 0004:00001b44       _Spx_MemCompare@24         00028b44 f   spxutils.obj
 0004:00001ba0       _Spx_InitMultiString       00028ba0 f   spxutils.obj
 0004:00001cca       _Spx_GetRegistryKeyValue@20 00028cca f   spxutils.obj
 0004:00001d4e       _Spx_LogError@64           00028d4e f   spxutils.obj
 0004:00001e78       _Spx_LogMessage@52         00028e78 f   spxutils.obj
 0004:00001f14       _Spx_DispatchSystemControl@8 00028f14 f   spx_wmi.obj
 0004:00001f72       _SpxPort_WmiQueryRegInfo@24 00028f72 f   spx_wmi.obj
 0004:00001f96       _SpxPort_WmiQueryDataBlock@32 00028f96 f   spx_wmi.obj
 0004:00002090       _SpxPort_WmiSetDataBlock@24 00029090 f   spx_wmi.obj
 0004:000020b6       _SpxPort_WmiSetDataItem@28 000290b6 f   spx_wmi.obj
 0004:000020dc       _SpxPort_WmiInitializeWmilibContext@4 000290dc f   spx_wmi.obj
 0004:00002160       _XXX_CardGetResources@12   00029160 f   sx_pnp.obj
 0004:00002324       _XXX_CardDeInit@4          00029324 f   sx_pnp.obj
 0004:0000233c       _CheckMemoryWindow@4       0002933c f   sx_pnp.obj
 0004:000025ae       _XXX_CardStart@4           000295ae f   sx_pnp.obj
 0004:000029b8       _XXX_CardStop@4            000299b8 f   sx_pnp.obj
 0004:00002aac       _XXX_PortInit@4            00029aac f   sx_pnp.obj
 0004:00002df4       _XXX_PortDeInit@4          00029df4 f   sx_pnp.obj
 0004:00002e60       _XXX_PortStart@4           00029e60 f   sx_pnp.obj
 0004:000031ee       _XXX_PortStop@4            0002a1ee f   sx_pnp.obj
 0004:000032bc       _XXX_CardInit@4            0002a2bc f   sx_pnp.obj
 0004:00003414       _SpxGetNtCardType@4        0002a414 f   sx_w2k.obj
 0005:00000032       _DriverEntry@8             0002b032 f   spx_init.obj
 0005:00000199       _GsDriverEntry@8           0002b199 f   BufferOverflowK:gs_support.obj
 0005:000001cc       __IMPORT_DESCRIPTOR_ntoskrnl 0002b1cc     ntoskrnl:ntoskrnl.exe
 0005:000001e0       __IMPORT_DESCRIPTOR_HAL    0002b1e0     hal:HAL.dll
 0005:000001f4       __IMPORT_DESCRIPTOR_WMILIB 0002b1f4     wmilib:WMILIB.SYS
 0005:00000208       __NULL_IMPORT_DESCRIPTOR   0002b208     ntoskrnl:ntoskrnl.exe

 entry point at        0005:00000199

 Static symbols

