 speed

 Timestamp is 65563a2d (Thu Nov 16 12:50:05 2023)

 Preferred load address is 00010000

 Start         Length     Name                   Class
 0001:00000000 00008264H .text                   CODE
 0002:00000000 00000148H .idata$5                DATA
 0002:00000150 000003c8H .rdata                  DATA
 0002:00000518 0000005bH .rdata$debug            DATA
 0002:00000580 00000004H .rdata$sxdata           DATA
 0003:00000000 00000158H .data                   DATA
 0003:00000158 0000001cH .bss                    DATA
 0004:00000000 00004e27H PAGE                    CODE
 0005:00000000 000001c9H INIT                    CODE
 0005:000001cc 0000003cH .idata$2                CODE
 0005:00000208 00000014H .idata$3                CODE
 0005:0000021c 00000148H .idata$4                CODE
 0005:00000364 0000068eH .idata$6                CODE
 0006:00000000 00000110H .rsrc$01                DATA
 0006:00000110 000009e0H .rsrc$02                DATA

  Address         Publics by Value              Rva+Base     Lib:Object

 0000:00000001       ___safe_se_handler_count   00000001     <absolute>
 0001:00000000       _SerialCleanup@8           00011000 f   openclos.obj
 0001:000000da       _SerialGetCharTime@4       000110da f   openclos.obj
 0001:0000014c       _GetFifoStatus@4           0001114c f   openclos.obj
 0001:0000018e       _ApplyInitialPortSettings@4 0001118e f   openclos.obj
 0001:000002a2       _SerialReset@4             000112a2 f   openclos.obj
 0001:000002c4       _SerialResetAndVerifyUart@4 000112c4 f   openclos.obj
 0001:00000306       _SerialMarkOpen@4          00011306 f   openclos.obj
 0001:00000386       _SerialMarkClose@4         00011386 f   openclos.obj
 0001:000003d6       _SerialCreateOpen@8        000113d6 f   openclos.obj
 0001:00000558       _SerialClose@8             00011558 f   openclos.obj
 0001:00000656       _SerialISR@8               00011656 f   isr.obj
 0001:00000af4       _SerialGetStats@4          00011af4 f   ioctl.obj
 0001:00000b18       _SerialClearStats@4        00011b18 f   ioctl.obj
 0001:00000b3c       _SerialSetChars@4          00011b3c f   ioctl.obj
 0001:00000b96       _SerialSetBaud@4           00011b96 f   ioctl.obj
 0001:00000c3e       _SerialSetLineControl@4    00011c3e f   ioctl.obj
 0001:00000c60       _SerialGetModemUpdate@4    00011c60 f   ioctl.obj
 0001:00000c7a       _SerialGetCommStatus@4     00011c7a f   ioctl.obj
 0001:00000d50       _SerialSetEscapeChar@4     00011d50 f   ioctl.obj
 0001:00000d6e       _SerialGetProperties@8     00011d6e f   ioctl.obj
 0001:00000dd6       _SetCardToDelayInterrupt@4 00011dd6 f   ioctl.obj
 0001:00000e38       _SetCardNotToDelayInterrupt@4 00011e38 f   ioctl.obj
 0001:00000e9a       _SetCardNotToUseDTRInsteadOfRTS@4 00011e9a f   ioctl.obj
 0001:00000ef6       _SetCardToUseDTRInsteadOfRTS@4 00011ef6 f   ioctl.obj
 0001:00000f52       _SerialIoControl@8         00011f52 f   ioctl.obj
 0001:00001a88       _SerialRundownIrpRefs@12   00012a88 f   utils.obj
 0001:00001aea       _SerialCancelQueued@8      00012aea f   utils.obj
 0001:00001b84       _SerialCompleteIfError@8   00012b84 f   utils.obj
 0001:00001bde       _SerialKillAllReadsOrWrites@12 00012bde f   utils.obj
 0001:00001c7c       _SerialGetNextIrp@20       00012c7c f   utils.obj
 0001:00001cf4       _SerialTryToCompleteCurrent@44 00012cf4 f   utils.obj
 0001:00001dc0       _SerialStartOrQueue@20     00012dc0 f   utils.obj
 0001:00001e9c       _SerialGrabWaitFromIsr@4   00012e9c f   waitmask.obj
 0001:00001ed2       _SerialGiveWaitToIsr@4     00012ed2 f   waitmask.obj
 0001:00001f44       _SerialFinishOldWait@4     00012f44 f   waitmask.obj
 0001:00001fc8       _SerialCancelWait@8        00012fc8 f   waitmask.obj
 0001:00001ffc       _SerialCompleteWait@16     00012ffc f   waitmask.obj
 0001:0000202c       _SerialStartMask@4         0001302c f   waitmask.obj
 0001:0000215e       _SerialUpdateReadByIsr@4   0001315e f   read.obj
 0001:00002178       _ReadDataFromIntBuffer@4   00013178 f   read.obj
 0001:000021d8       _SerialUpdateAndSwitchToNew@4 000131d8 f   read.obj
 0001:0000226a       _SerialGrabReadFromIsr@4   0001326a f   read.obj
 0001:0000228a       _SerialResizeBuffer@4      0001328a f   read.obj
 0001:00002314       _SerialStartRead@4         00013314 f   read.obj
 0001:000025f0       _SerialCompleteRead@16     000135f0 f   read.obj
 0001:00002650       _SerialCancelCurrentRead@8 00013650 f   read.obj
 0001:000026a2       _SerialReadTimeout@16      000136a2 f   read.obj
 0001:000026fc       _SerialIntervalReadTimeout@16 000136fc f   read.obj
 0001:0000285c       _UpdateAndWaitForMoreData@4 0001385c f   read.obj
 0001:000028b8       _SerialRead@8              000138b8 f   read.obj
 0001:00002928       _SerialCommError@16        00013928 f   error.obj
 0001:0000295c       _SerialQueryInformationFile@8 0001395c f   qsfile.obj
 0001:000029f2       _SerialSetInformationFile@8 000139f2 f   qsfile.obj
 0001:00002a54       _SerialStartFlush@4        00013a54 f   flush.obj
 0001:00002a8e       _SerialFlush@8             00013a8e f   flush.obj
 0001:00002adc       _SerialGetNextImmediate@20 00013adc f   immediat.obj
 0001:00002b3c       _SerialGiveImmediateToIsr@4 00013b3c f   immediat.obj
 0001:00002b7c       _SerialGrabImmediateFromIsr@4 00013b7c f   immediat.obj
 0001:00002bc0       _SerialCompleteImmediate@16 00013bc0 f   immediat.obj
 0001:00002c08       _SerialTimeoutImmediate@16 00013c08 f   immediat.obj
 0001:00002c4a       _SerialCancelImmediate@8   00013c4a f   immediat.obj
 0001:00002c88       _SerialStartImmediate@4    00013c88 f   immediat.obj
 0001:00002dc6       _SerialSetDTR@4            00013dc6 f   modmflow.obj
 0001:00002df6       _SerialClrDTR@4            00013df6 f   modmflow.obj
 0001:00002e28       _SerialSetRTS@4            00013e28 f   modmflow.obj
 0001:00002e5a       _SerialClrRTS@4            00013e5a f   modmflow.obj
 0001:00002e8c       _SerialSetupNewHandFlow@8  00013e8c f   modmflow.obj
 0001:00003030       _SerialTurnOnBreak@4       00014030 f   modmflow.obj
 0001:00003072       _SerialTurnOffBreak@4      00014072 f   modmflow.obj
 0001:0000309e       _SerialPretendXoff@4       0001409e f   modmflow.obj
 0001:000030da       _SerialPretendXon@4        000140da f   modmflow.obj
 0001:000030f4       _SerialProdXonXoff@8       000140f4 f   modmflow.obj
 0001:00003120       _SerialHandleModemUpdate@8 00014120 f   modmflow.obj
 0001:0000327e       _SerialPerhapsLowerRTS@4   0001427e f   modmflow.obj
 0001:00003284       _SerialInvokePerhapsLowerRTS@16 00014284 f   modmflow.obj
 0001:0000329e       _SerialDecrementRTSCounter@4 0001429e f   modmflow.obj
 0001:000032ae       _SerialSetHandFlow@4       000142ae f   modmflow.obj
 0001:000032cc       _SerialHandleReducedIntBuffer@4 000142cc f   modmflow.obj
 0001:0000332a       _SerialStartTimerLowerRTS@16 0001432a f   modmflow.obj
 0001:00003394       _SerialPurgeInterruptBuff@4 00014394 f   purge.obj
 0001:000033ba       _SerialStartPurge@4        000143ba f   purge.obj
 0001:00003480       _SerialProcessEmptyTransmit@4 00014480 f   write.obj
 0001:00003506       _SerialGiveWriteToIsr@4    00014506 f   write.obj
 0001:0000357a       _SerialGrabWriteFromIsr@4  0001457a f   write.obj
 0001:000035d6       _SerialGrabXoffFromIsr@4   000145d6 f   write.obj
 0001:000035fc       _SerialCompleteXoff@16     000145fc f   write.obj
 0001:00003640       _SerialTimeoutXoff@16      00014640 f   write.obj
 0001:00003678       _SerialCancelCurrentXoff@8 00014678 f   write.obj
 0001:000036b2       _SerialGiveXoffToIsr@4     000146b2 f   write.obj
 0001:000036d6       _SerialGetNextWrite@20     000146d6 f   write.obj
 0001:00003810       _SerialCancelCurrentWrite@8 00014810 f   write.obj
 0001:00003856       _SerialStartWrite@4        00014856 f   write.obj
 0001:00003a06       _SerialCompleteWrite@16    00014a06 f   write.obj
 0001:00003a58       _SerialWriteTimeout@16     00014a58 f   write.obj
 0001:00003aa4       _SerialWrite@8             00014aa4 f   write.obj
 0001:00003b14       _Spx_DispatchPnpPowerComplete@12 00014b14 f   spx_pnp.obj
 0001:00003b54       _Spx_PowerWaitForDriverBelow@8 00014b54 f   spx_powr.obj
 0001:00003bc6       _Spx_UnstallIrps@4         00014bc6 f   spx_disp.obj
 0001:00003c94       _Spx_FilterCancelQueued@8  00014c94 f   spx_disp.obj
 0001:00003cbc       _Spx_KillStalledIRPs@4     00014cbc f   spx_disp.obj
 0001:00003d1c       _Spx_FilterIRPs@8          00014d1c f   spx_disp.obj
 0001:00003e2a       _Spx_Flush@8               00014e2a f   spx_disp.obj
 0001:00003e7c       _Spx_Write@8               00014e7c f   spx_disp.obj
 0001:00003ece       _Spx_Read@8                00014ece f   spx_disp.obj
 0001:00003f20       _Spx_IoControl@8           00014f20 f   spx_disp.obj
 0001:00003f72       _Spx_InternalIoControl@8   00014f72 f   spx_disp.obj
 0001:00003fc4       _Spx_CreateOpen@8          00014fc4 f   spx_disp.obj
 0001:0000407c       _Spx_Close@8               0001507c f   spx_disp.obj
 0001:000040f6       _Spx_Cleanup@8             000150f6 f   spx_disp.obj
 0001:00004158       _Spx_QueryInformationFile@8 00015158 f   spx_disp.obj
 0001:000041aa       _Spx_SetInformationFile@8  000151aa f   spx_disp.obj
 0001:000041fc       _Spx_SerialInternalIoControl@8 000151fc f   spx_iioc.obj
 0001:00004304       _SpxSetOrClearPnpPowerFlags@12 00015304 f   spxutils.obj
 0001:0000433a       _SpxSetOrClearUnstallingFlag@8 0001533a f   spxutils.obj
 0001:00004362       _SpxCheckPnpPowerFlags@16  00015362 f   spxutils.obj
 0001:000043b2       _SpxAllocateMem@8          000153b2 f   spxutils.obj
 0001:000043ea       _SpxAllocateMemWithQuota@8 000153ea f   spxutils.obj
 0001:00004422       _SpxFreeMem@4              00015422 f   spxutils.obj
 0001:00004432       _SpxIRPCounter@12          00015432 f   spxutils.obj
 0001:0000476c       _SetPortFiFoSettings@4     0001576c f   spd_w2k.obj
 0001:00004a44       _GetPortSettings@4         00015a44 f   spd_w2k.obj
 0001:00004c48       _GetCardSettings@4         00015c48 f   spd_w2k.obj
 0001:00004daa       _XXX_SetHandFlow@8         00015daa f   spd_iioc.obj
 0001:00004dc9       ___report_gsfailure        00015dc9 f   BufferOverflowK:gs_support.obj
 0001:00004ddb       @__security_check_cookie@4 00015ddb f   BufferOverflowK:secchk.obj
 0001:00004dea       __allmul                   00015dea f   ntoskrnl:ntoskrnl.exe
 0001:00004df0       __SEH_prolog               00015df0 f   ntoskrnl:sehprolg.obj
 0001:00004e2b       __SEH_epilog               00015e2b f   ntoskrnl:sehprolg.obj
 0001:00004e3c       __except_handler3          00015e3c f   ntoskrnl:ntoskrnl.exe
 0001:00004e42       _DbgBreakPoint@0           00015e42 f   ntoskrnl:ntoskrnl.exe
 0001:00004e48       _WmiSystemControl@16       00015e48 f   wmilib:WMILIB.SYS
 0001:00004e4e       _WmiCompleteRequest@20     00015e4e f   wmilib:WMILIB.SYS
 0001:00004e54       _UL_CreateUartObject@0     00015e54 f   uartlib:uartlib.obj
 0001:00004e5e       _UL_FindLastUartInList@4   00015e5e f   uartlib:uartlib.obj
 0001:00004e78       _UL_AddUartToList@8        00015e78 f   uartlib:uartlib.obj
 0001:00004ea1       _UL_RemoveUartFromList@4   00015ea1 f   uartlib:uartlib.obj
 0001:00004eca       _UL_CommonInitUart@4       00015eca f   uartlib:uartlib.obj
 0001:00004f06       _UL_CommonDeInitUart@4     00015f06 f   uartlib:uartlib.obj
 0001:00004f36       _UL_GetConfig@8            00015f36 f   uartlib:uartlib.obj
 0001:00004f4d       _UL_SetAppBackPtr@8        00015f4d f   uartlib:uartlib.obj
 0001:00004f5b       _UL_GetAppBackPtr@4        00015f5b f   uartlib:uartlib.obj
 0001:00004f65       _UL_GetUartObject@8        00015f65 f   uartlib:uartlib.obj
 0001:00004f8e       _UL_InitUartLibrary@8      00015f8e f   uartlib:uartlib.obj
 0001:000050b0       _UL_DeInitUartLibrary@4    000160b0 f   uartlib:uartlib.obj
 0001:000050f8       _READ_FROM_16C650_REG_65X@8 000160f8 f   uartlib:16c65x.obj
 0001:00005157       _WRITE_TO_16C650_REG_65X@12 00016157 f   uartlib:16c65x.obj
 0001:000051af       _CalculateBaudDivisor_65X@8 000161af f   uartlib:16c65x.obj
 0001:00005221       _UL_ResetUart_16C65X@4     00016221 f   uartlib:16c65x.obj
 0001:00005325       _UL_VerifyUart_16C65X@4    00016325 f   uartlib:16c65x.obj
 0001:00005377       _UL_SetConfig_16C65X@12    00016377 f   uartlib:16c65x.obj
 0001:0000588d       _UL_BufferControl_16C65X@16 0001688d f   uartlib:16c65x.obj
 0001:00005e4b       _UL_ModemControl_16C65X@12 00016e4b f   uartlib:16c65x.obj
 0001:00005fb0       _UL_IntsPending_16C65X@4   00016fb0 f   uartlib:16c65x.obj
 0001:00006055       _UL_GetUartInfo_16C65X@8   00017055 f   uartlib:16c65x.obj
 0001:00006073       _UL_OutputData_16C65X@4    00017073 f   uartlib:16c65x.obj
 0001:0000624f       _UL_InputData_16C65X@8     0001724f f   uartlib:16c65x.obj
 0001:00006383       _UL_ReadData_16C65X@12     00017383 f   uartlib:16c65x.obj
 0001:000064b6       _UL_WriteData_16C65X@12    000174b6 f   uartlib:16c65x.obj
 0001:00006528       _UL_ImmediateByte_16C65X@12 00017528 f   uartlib:16c65x.obj
 0001:000065f3       _UL_GetStatus_16C65X@12    000175f3 f   uartlib:16c65x.obj
 0001:000066e6       _UL_DumpUartRegs_16C65X@4  000176e6 f   uartlib:16c65x.obj
 0001:00006894       _UL_InitUart_16C65X@12     00017894 f   uartlib:16c65x.obj
 0001:000068f9       _READ_FROM_16C650_REG@8    000178f9 f   uartlib:16c95x.obj
 0001:00006958       _WRITE_TO_16C650_REG@12    00017958 f   uartlib:16c95x.obj
 0001:000069b0       _WRITE_TO_OX950_ICR@12     000179b0 f   uartlib:16c95x.obj
 0001:000069f0       _READ_FROM_OX950_ICR@8     000179f0 f   uartlib:16c95x.obj
 0001:00006a7f       _ENABLE_OX950_ASR@4        00017a7f f   uartlib:16c95x.obj
 0001:00006aa9       _DISABLE_OX950_ASR@4       00017aa9 f   uartlib:16c95x.obj
 0001:00006ad5       _CalculateBaudDivisor_95X@8 00017ad5 f   uartlib:16c95x.obj
 0001:00006b69       _UL_DeInitUart_16C95X@4    00017b69 f   uartlib:16c95x.obj
 0001:00006b69       _UL_DeInitUart_16C65X@4    00017b69 f   uartlib:16c65x.obj
 0001:00006b8e       _UL_ResetUart_16C95X@4     00017b8e f   uartlib:16c95x.obj
 0001:00006c71       _UL_VerifyUart_16C95X@4    00017c71 f   uartlib:16c95x.obj
 0001:00006d0f       _UL_SetConfig_16C95X@12    00017d0f f   uartlib:16c95x.obj
 0001:000072a5       _UL_BufferControl_16C95X@16 000182a5 f   uartlib:16c95x.obj
 0001:000076a8       _UL_ModemControl_16C95X@12 000186a8 f   uartlib:16c95x.obj
 0001:000077ad       _UL_IntsPending_16C95X@4   000187ad f   uartlib:16c95x.obj
 0001:00007840       _UL_GetUartInfo_16C95X@8   00018840 f   uartlib:16c95x.obj
 0001:00007881       _UL_OutputData_16C95X@4    00018881 f   uartlib:16c95x.obj
 0001:000079df       _UL_InputData_16C95X@8     000189df f   uartlib:16c95x.obj
 0001:00007b2b       _UL_ReadData_16C95X@12     00018b2b f   uartlib:16c95x.obj
 0001:00007c29       _UL_WriteData_16C95X@12    00018c29 f   uartlib:16c95x.obj
 0001:00007ca3       _UL_ImmediateByte_16C95X@12 00018ca3 f   uartlib:16c95x.obj
 0001:00007d76       _UL_GetStatus_16C95X@12    00018d76 f   uartlib:16c95x.obj
 0001:00007ea6       _UL_DumpUartRegs_16C95X@4  00018ea6 f   uartlib:16c95x.obj
 0001:000081f8       _UL_InitUart_16C95X@12     000191f8 f   uartlib:16c95x.obj
 0001:0000825e       _DbgPrint                  0001925e f   ntoskrnl:ntoskrnl.exe
 0002:00000000       __imp__WRITE_PORT_UCHAR@8  0001a000     hal:HAL.dll
 0002:00000004       __imp_@KfReleaseSpinLock@8 0001a004     hal:HAL.dll
 0002:00000008       __imp_@KfAcquireSpinLock@4 0001a008     hal:HAL.dll
 0002:0000000c       __imp_@ExAcquireFastMutex@4 0001a00c     hal:HAL.dll
 0002:00000010       __imp_@ExReleaseFastMutex@4 0001a010     hal:HAL.dll
 0002:00000014       __imp__READ_PORT_UCHAR@4   0001a014     hal:HAL.dll
 0002:00000018       \177HAL_NULL_THUNK_DATA    0001a018     hal:HAL.dll
 0002:0000001c       __imp__WmiCompleteRequest@20 0001a01c     wmilib:WMILIB.SYS
 0002:00000020       __imp__WmiSystemControl@16 0001a020     wmilib:WMILIB.SYS
 0002:00000024       \177WMILIB_NULL_THUNK_DATA 0001a024     wmilib:WMILIB.SYS
 0002:00000028       __imp__IoDisconnectInterrupt@4 0001a028     ntoskrnl:ntoskrnl.exe
 0002:0000002c       __imp__IoConnectInterrupt@44 0001a02c     ntoskrnl:ntoskrnl.exe
 0002:00000030       __imp__MmMapIoSpace@16     0001a030     ntoskrnl:ntoskrnl.exe
 0002:00000034       __imp__KeInitializeDpc@12  0001a034     ntoskrnl:ntoskrnl.exe
 0002:00000038       __imp__KeInitializeTimer@4 0001a038     ntoskrnl:ntoskrnl.exe
 0002:0000003c       __imp__KeRemoveQueueDpc@4  0001a03c     ntoskrnl:ntoskrnl.exe
 0002:00000040       __imp__KeCancelTimer@4     0001a040     ntoskrnl:ntoskrnl.exe
 0002:00000044       __imp__ExFreePoolWithTag@8 0001a044     ntoskrnl:ntoskrnl.exe
 0002:00000048       __imp__KeInsertQueueDpc@12 0001a048     ntoskrnl:ntoskrnl.exe
 0002:0000004c       __imp__READ_REGISTER_ULONG@4 0001a04c     ntoskrnl:ntoskrnl.exe
 0002:00000050       __imp__WRITE_REGISTER_UCHAR@8 0001a050     ntoskrnl:ntoskrnl.exe
 0002:00000054       __imp__READ_REGISTER_UCHAR@4 0001a054     ntoskrnl:ntoskrnl.exe
 0002:00000058       __imp___except_handler3    0001a058     ntoskrnl:ntoskrnl.exe
 0002:0000005c       __imp__KeQuerySystemTime@4 0001a05c     ntoskrnl:ntoskrnl.exe
 0002:00000060       __imp__KeSetTimer@16       0001a060     ntoskrnl:ntoskrnl.exe
 0002:00000064       __imp__KeSetEvent@12       0001a064     ntoskrnl:ntoskrnl.exe
 0002:00000068       __imp__PoSetPowerState@12  0001a068     ntoskrnl:ntoskrnl.exe
 0002:0000006c       __imp__KeInitializeEvent@12 0001a06c     ntoskrnl:ntoskrnl.exe
 0002:00000070       __imp_@ObfReferenceObject@4 0001a070     ntoskrnl:ntoskrnl.exe
 0002:00000074       __imp__IoCreateDevice@28   0001a074     ntoskrnl:ntoskrnl.exe
 0002:00000078       __imp__RtlAppendUnicodeStringToString@8 0001a078     ntoskrnl:ntoskrnl.exe
 0002:0000007c       __imp__RtlIntegerToUnicodeString@12 0001a07c     ntoskrnl:ntoskrnl.exe
 0002:00000080       __imp__RtlInitUnicodeString@8 0001a080     ntoskrnl:ntoskrnl.exe
 0002:00000084       __imp__RtlAppendUnicodeToString@8 0001a084     ntoskrnl:ntoskrnl.exe
 0002:00000088       __imp__IoDetachDevice@4    0001a088     ntoskrnl:ntoskrnl.exe
 0002:0000008c       __imp_@ObfDereferenceObject@4 0001a08c     ntoskrnl:ntoskrnl.exe
 0002:00000090       __imp__IoDeleteDevice@4    0001a090     ntoskrnl:ntoskrnl.exe
 0002:00000094       __imp__ZwClose@4           0001a094     ntoskrnl:ntoskrnl.exe
 0002:00000098       __imp__wcslen              0001a098     ntoskrnl:ntoskrnl.exe
 0002:0000009c       __imp__IoOpenDeviceRegistryKey@16 0001a09c     ntoskrnl:ntoskrnl.exe
 0002:000000a0       __imp__MmUnmapIoSpace@8    0001a0a0     ntoskrnl:ntoskrnl.exe
 0002:000000a4       __imp__IoSetDeviceInterfaceState@8 0001a0a4     ntoskrnl:ntoskrnl.exe
 0002:000000a8       __imp__IoDeleteSymbolicLink@4 0001a0a8     ntoskrnl:ntoskrnl.exe
 0002:000000ac       __imp__IoGetDeviceProperty@20 0001a0ac     ntoskrnl:ntoskrnl.exe
 0002:000000b0       __imp__IoAttachDeviceToDeviceStack@8 0001a0b0     ntoskrnl:ntoskrnl.exe
 0002:000000b4       __imp__KeWaitForSingleObject@20 0001a0b4     ntoskrnl:ntoskrnl.exe
 0002:000000b8       __imp_@IofCallDriver@8     0001a0b8     ntoskrnl:ntoskrnl.exe
 0002:000000bc       __imp__IoRegisterDeviceInterface@16 0001a0bc     ntoskrnl:ntoskrnl.exe
 0002:000000c0       __imp__RtlWriteRegistryValue@24 0001a0c0     ntoskrnl:ntoskrnl.exe
 0002:000000c4       __imp__IoCreateSymbolicLink@8 0001a0c4     ntoskrnl:ntoskrnl.exe
 0002:000000c8       __imp__PoCallDriver@8      0001a0c8     ntoskrnl:ntoskrnl.exe
 0002:000000cc       __imp__PoStartNextPowerIrp@4 0001a0cc     ntoskrnl:ntoskrnl.exe
 0002:000000d0       __imp__PoRequestPowerIrp@24 0001a0d0     ntoskrnl:ntoskrnl.exe
 0002:000000d4       __imp__DbgBreakPoint@0     0001a0d4     ntoskrnl:ntoskrnl.exe
 0002:000000d8       __imp__RtlQueryRegistryValues@20 0001a0d8     ntoskrnl:ntoskrnl.exe
 0002:000000dc       __imp__memmove             0001a0dc     ntoskrnl:ntoskrnl.exe
 0002:000000e0       __imp__ExAllocatePoolWithTag@12 0001a0e0     ntoskrnl:ntoskrnl.exe
 0002:000000e4       __imp__ExAllocatePoolWithQuotaTag@12 0001a0e4     ntoskrnl:ntoskrnl.exe
 0002:000000e8       __imp__RtlAnsiStringToUnicodeString@12 0001a0e8     ntoskrnl:ntoskrnl.exe
 0002:000000ec       __imp__RtlxAnsiStringToUnicodeSize@4 0001a0ec     ntoskrnl:ntoskrnl.exe
 0002:000000f0       __imp__NlsMbCodePageTag    0001a0f0     ntoskrnl:ntoskrnl.exe
 0002:000000f0       _NlsMbCodePageTag          0001a0f0     ntoskrnl:ntoskrnl.exe
 0002:000000f4       __imp__RtlInitAnsiString@8 0001a0f4     ntoskrnl:ntoskrnl.exe
 0002:000000f8       __imp__ZwQueryValueKey@24  0001a0f8     ntoskrnl:ntoskrnl.exe
 0002:000000fc       __imp__ZwSetValueKey@24    0001a0fc     ntoskrnl:ntoskrnl.exe
 0002:00000100       __imp__IoWriteErrorLogEntry@4 0001a100     ntoskrnl:ntoskrnl.exe
 0002:00000104       __imp__IoAllocateErrorLogEntry@8 0001a104     ntoskrnl:ntoskrnl.exe
 0002:00000108       __imp__wcsstr              0001a108     ntoskrnl:ntoskrnl.exe
 0002:0000010c       __imp___wcsupr             0001a10c     ntoskrnl:ntoskrnl.exe
 0002:00000110       _KeTickCount               0001a110     ntoskrnl:ntoskrnl.exe
 0002:00000110       __imp__KeTickCount         0001a110     ntoskrnl:ntoskrnl.exe
 0002:00000114       __imp__KeBugCheckEx@20     0001a114     ntoskrnl:ntoskrnl.exe
 0002:00000118       __imp__IoWMIRegistrationControl@8 0001a118     ntoskrnl:ntoskrnl.exe
 0002:0000011c       __imp__sprintf             0001a11c     ntoskrnl:ntoskrnl.exe
 0002:00000120       __imp___allmul             0001a120     ntoskrnl:ntoskrnl.exe
 0002:00000124       __imp__KeDelayExecutionThread@12 0001a124     ntoskrnl:ntoskrnl.exe
 0002:00000128       __imp__MmQuerySystemSize@0 0001a128     ntoskrnl:ntoskrnl.exe
 0002:0000012c       __imp__KeSynchronizeExecution@12 0001a12c     ntoskrnl:ntoskrnl.exe
 0002:00000130       __imp__IoAcquireCancelSpinLock@4 0001a130     ntoskrnl:ntoskrnl.exe
 0002:00000134       __imp__IoReleaseCancelSpinLock@4 0001a134     ntoskrnl:ntoskrnl.exe
 0002:00000138       __imp__RtlDeleteRegistryValue@12 0001a138     ntoskrnl:ntoskrnl.exe
 0002:0000013c       __imp__DbgPrint            0001a13c     ntoskrnl:ntoskrnl.exe
 0002:00000140       __imp_@IofCompleteRequest@8 0001a140     ntoskrnl:ntoskrnl.exe
 0002:00000144       \177ntoskrnl_NULL_THUNK_DATA 0001a144     ntoskrnl:ntoskrnl.exe
 0002:00000198       _GUID_DEVINTERFACE_COMPORT 0001a198     spx_pnp.obj
 0002:000001b0       ??_C@_0BD@NPHEKKCE@?5?5XOFF2?3?7?7?70x?$CF02X?6?$AA@ 0001a1b0     uartlib:16c65x.obj
 0002:000001c4       ??_C@_0BD@GCLOMGOK@?5?5XOFF1?3?7?7?70x?$CF02X?6?$AA@ 0001a1c4     uartlib:16c65x.obj
 0002:000001d8       ??_C@_0BC@JILCJEEN@?5?5XON2?3?7?7?70x?$CF02X?6?$AA@ 0001a1d8     uartlib:16c65x.obj
 0002:000001ec       ??_C@_0BC@CFHIPIID@?5?5XON1?3?7?7?70x?$CF02X?6?$AA@ 0001a1ec     uartlib:16c65x.obj
 0002:00000200       ??_C@_0BB@JNNAIHKF@?5?5EFR?3?7?7?70x?$CF02X?6?$AA@ 0001a200     uartlib:16c65x.obj
 0002:00000214       ??_C@_0CA@GKFIAMKO@16C650?5Compatible?5Registers?4?4?4?6?$AA@ 0001a214     uartlib:16c65x.obj
 0002:00000234       ??_C@_0BB@GFDILLMC@?5?5SPR?3?7?7?70x?$CF02X?6?$AA@ 0001a234     uartlib:16c65x.obj
 0002:00000248       ??_C@_0BB@LAEIBJCD@?5?5MSR?3?7?7?70x?$CF02X?6?$AA@ 0001a248     uartlib:16c65x.obj
 0002:0000025c       ??_C@_0BB@JLDMCML@?5?5LSR?3?7?7?70x?$CF02X?6?$AA@ 0001a25c     uartlib:16c65x.obj
 0002:00000270       ??_C@_0BB@NGPKCFEP@?5?5MCR?3?7?7?70x?$CF02X?6?$AA@ 0001a270     uartlib:16c65x.obj
 0002:00000284       ??_C@_0BB@GPABPOKH@?5?5LCR?3?7?7?70x?$CF02X?6?$AA@ 0001a284     uartlib:16c65x.obj
 0002:00000298       ??_C@_0BB@IOLBJKLH@?5?5IIR?3?7?7?70x?$CF02X?6?$AA@ 0001a298     uartlib:16c65x.obj
 0002:000002ac       ??_C@_0BB@IAOIDLB@?5?5FCR?3?7?7?70x?$CF02X?6?$AA@ 0001a2ac     uartlib:16c65x.obj
 0002:000002c0       ??_C@_0BB@KEEEALJK@?5?5IER?3?7?7?70x?$CF02X?6?$AA@ 0001a2c0     uartlib:16c65x.obj
 0002:000002d4       ??_C@_0BB@IJCIECHA@?5?5RHR?3?7?7?70x?$CF02X?6?$AA@ 0001a2d4     uartlib:16c65x.obj
 0002:000002e8       ??_C@_0DD@POLPKMBJ@?9?9?9?9?9?9?9?9?9?9?9?9?9?9?9?9?9?9?9?9?9?9?9?9?9?9?9?9?9?9?9?9@ 0001a2e8     uartlib:16c65x.obj
 0002:0000031c       ??_C@_0CP@HHILNPOH@16C65X?5UART?5REGISTER?5DUMP?5for?5UA@ 0001a31c     uartlib:16c65x.obj
 0002:0000034c       ??_C@_0BB@POGLFILN@?5?5REV?3?7?7?70x?$CF02X?6?$AA@ 0001a34c     uartlib:16c95x.obj
 0002:00000360       ??_C@_0BB@OKCOOJDH@?5?5ID3?3?7?7?70x?$CF02X?6?$AA@ 0001a360     uartlib:16c95x.obj
 0002:00000374       ??_C@_0BB@DHLIDALC@?5?5ID2?3?7?7?70x?$CF02X?6?$AA@ 0001a374     uartlib:16c95x.obj
 0002:00000388       ??_C@_0BB@IKHCFMHM@?5?5ID1?3?7?7?70x?$CF02X?6?$AA@ 0001a388     uartlib:16c95x.obj
 0002:0000039c       ??_C@_0BB@IGFGEDEN@?5?5FCH?3?7?7?70x?$CF02X?6?$AA@ 0001a39c     uartlib:16c95x.obj
 0002:000003b0       ??_C@_0BB@EGOPCJNL@?5?5FCL?3?7?7?70x?$CF02X?6?$AA@ 0001a3b0     uartlib:16c95x.obj
 0002:000003c4       ??_C@_0BB@ILIOEFFL@?5?5RTL?3?7?7?70x?$CF02X?6?$AA@ 0001a3c4     uartlib:16c95x.obj
 0002:000003d8       ??_C@_0BB@KJHEJBKJ@?5?5TTL?3?7?7?70x?$CF02X?6?$AA@ 0001a3d8     uartlib:16c95x.obj
 0002:000003ec       ??_C@_0BB@OEOKKNGP@?5?5TCR?3?7?7?70x?$CF02X?6?$AA@ 0001a3ec     uartlib:16c95x.obj
 0002:00000400       ??_C@_0BB@CBFKCEIN@?5?5CPR?3?7?7?70x?$CF02X?6?$AA@ 0001a400     uartlib:16c95x.obj
 0002:00000414       ??_C@_0BB@JDAPIMKL@?5?5ACR?3?7?7?70x?$CF02X?6?$AA@ 0001a414     uartlib:16c95x.obj
 0002:00000428       ??_C@_0BM@KDMABBEJ@Index?5Control?5Registers?4?4?4?6?$AA@ 0001a428     uartlib:16c95x.obj
 0002:00000444       ??_C@_0BB@COKIGJGI@?5?5TFL?3?7?7?70x?$CF02X?6?$AA@ 0001a444     uartlib:16c95x.obj
 0002:00000458       ??_C@_0BB@MFCLNJK@?5?5RFL?3?7?7?70x?$CF02X?6?$AA@ 0001a458     uartlib:16c95x.obj
 0002:0000046c       ??_C@_0BB@PFLNLAMH@?5?5ASR?3?7?7?70x?$CF02X?6?$AA@ 0001a46c     uartlib:16c95x.obj
 0002:00000480       ??_C@_0CA@LPJOGOBI@Additional?5Status?5Regsiters?4?4?4?6?$AA@ 0001a480     uartlib:16c95x.obj
 0002:000004a0       ??_C@_0CP@CLGDLDJI@16C95X?5UART?5REGISTER?5DUMP?5for?5UA@ 0001a4a0     uartlib:16c95x.obj
 0002:000004d0       __load_config_used         0001a4d0     ntoskrnl:loadcfg.obj
 0002:00000580       ___safe_se_handler_table   0001a580     <linker-defined>
 0003:00000000       _StdSerialPortNameGuid     0001b000     spx_wmi.obj
 0003:00000010       _StdSerialPortCommGuid     0001b010     spx_wmi.obj
 0003:00000020       _StdSerialPortHWGuid       0001b020     spx_wmi.obj
 0003:00000030       _StdSerialPortPerfGuid     0001b030     spx_wmi.obj
 0003:00000040       _StdSerialPortPropertiesGuid 0001b040     spx_wmi.obj
 0003:00000050       _SpxPort_WmiGuidList       0001b050     spx_wmi.obj
 0003:00000090       _SpeedPortStdSerialWmiPortNameGuid 0001b090     spd_wmi.obj
 0003:000000a0       _SpeedPortStdSerialWmiPortCommGuid 0001b0a0     spd_wmi.obj
 0003:000000b0       _SpeedPortStdSerialWmiPortHWGuid 0001b0b0     spd_wmi.obj
 0003:000000c0       _SpeedPortStdSerialWmiPortPerfGuid 0001b0c0     spd_wmi.obj
 0003:000000d0       _SpeedPortStdSerialWmiPortPropertiesGuid 0001b0d0     spd_wmi.obj
 0003:000000e0       _SpeedPortWmiFifoPropGuid  0001b0e0     spd_wmi.obj
 0003:000000f0       _SpeedPort_WmiGuidList     0001b0f0     spd_wmi.obj
 0003:00000138       _FastCardWmiPropGuid       0001b138     spd_cwmi.obj
 0003:00000148       _SpeedCard_WmiGuidList     0001b148     spd_cwmi.obj
 0003:00000154       ___security_cookie         0001b154     BufferOverflowK:gs_support.obj
 0003:00000160       _BREAK_ON_POWER_UP         0001b160     spx_powr.obj
 0003:00000168       _SavedRegistryPath         0001b168     <common>
 0003:00000170       ___@@_PchSym_@00@UhieADignUwirevihUhvirzoUnkhUhkcUhkvvwUwireviUlyqUrDIGUkivxlnkOlyq@speed 0001b170     <common>
 0004:00000042       _XXX_CardGetResources@12   0001c042 f   spd_pnp.obj
 0004:00000286       _XXX_CardInit@4            0001c286 f   spd_pnp.obj
 0004:0000032a       _XXX_CardStart@4           0001c32a f   spd_pnp.obj
 0004:00000754       _XXX_CardStop@4            0001c754 f   spd_pnp.obj
 0004:00000822       _XXX_CardDeInit@4          0001c822 f   spd_pnp.obj
 0004:00000a64       _XXX_PortInit@4            0001ca64 f   spd_pnp.obj
 0004:00000eec       _XXX_PortStart@4           0001ceec f   spd_pnp.obj
 0004:000015ec       _XXX_PortStop@4            0001d5ec f   spd_pnp.obj
 0004:000016d6       _XXX_PortDeInit@4          0001d6d6 f   spd_pnp.obj
 0004:0000176a       _Spx_Card_StartDevice@8    0001d76a f   spx_pnp.obj
 0004:000017c8       _Spx_EnumPorts@4           0001d7c8 f   spx_pnp.obj
 0004:00001a0c       _Spx_Card_StopDevice@4     0001da0c f   spx_pnp.obj
 0004:00001a38       _Spx_Card_RemoveDevice@4   0001da38 f   spx_pnp.obj
 0004:00001ba4       _Spx_GetExternalName@4     0001dba4 f   spx_pnp.obj
 0004:00001e52       _Spx_RemoveExternalNaming@4 0001de52 f   spx_pnp.obj
 0004:00001f1e       _Spx_Port_StopDevice@4     0001df1e f   spx_pnp.obj
 0004:00001f4a       _Spx_Port_RemoveDevice@4   0001df4a f   spx_pnp.obj
 0004:00002002       _Spx_CreatePortInstanceID@4 0001e002 f   spx_pnp.obj
 0004:00002180       _Spx_AddDevice@8           0001e180 f   spx_pnp.obj
 0004:000022d6       _Spx_CallDriverBelow@8     0001e2d6 f   spx_pnp.obj
 0004:00002422       _Spx_DoExternalNaming@4    0001e422 f   spx_pnp.obj
 0004:00002606       _Spx_Card_FDO_DispatchPnp@8 0001e606 f   spx_pnp.obj
 0004:00002838       _Spx_Port_StartDevice@4    0001e838 f   spx_pnp.obj
 0004:0000296c       _Spx_Port_PDO_DispatchPnp@8 0001e96c f   spx_pnp.obj
 0004:00002dd0       _Spx_DispatchPnp@8         0001edd0 f   spx_pnp.obj
 0004:00002df2       _Spx_CardSetSystemPowerState@8 0001edf2 f   spx_powr.obj
 0004:00002e5a       _Spx_CardSetPowerStateD3@8 0001ee5a f   spx_powr.obj
 0004:00002eba       _Spx_PortSetSystemPowerState@8 0001eeba f   spx_powr.obj
 0004:00002f10       _Spx_PortQuerySystemPowerState@8 0001ef10 f   spx_powr.obj
 0004:00002f66       _Spx_PortSetPowerStateD0@8 0001ef66 f   spx_powr.obj
 0004:00002fc4       _Spx_PortSetPowerStateD3@8 0001efc4 f   spx_powr.obj
 0004:0000301c       _Spx_CardSetPowerStateD0@8 0001f01c f   spx_powr.obj
 0004:00003082       _Spx_PortSetDevicePowerState@8 0001f082 f   spx_powr.obj
 0004:000030e8       _Spx_CardSetDevicePowerState@8 0001f0e8 f   spx_powr.obj
 0004:00003156       _Spx_Port_PDO_DispatchPower@8 0001f156 f   spx_powr.obj
 0004:000031f8       _Spx_Card_FDO_DispatchPower@8 0001f1f8 f   spx_powr.obj
 0004:00003276       _Spx_DispatchPower@8       0001f276 f   spx_powr.obj
 0004:00003298       _DriverUnload@4            0001f298 f   spx_init.obj
 0004:000032b2       _Spx_DispatchSystemControl@8 0001f2b2 f   spx_wmi.obj
 0004:00003310       _Spx_MemCompare@24         0001f310 f   spxutils.obj
 0004:0000336c       _Spx_InitMultiString       0001f36c f   spxutils.obj
 0004:00003496       _Spx_GetRegistryKeyValue@20 0001f496 f   spxutils.obj
 0004:0000351a       _Spx_PutRegistryKeyValue@24 0001f51a f   spxutils.obj
 0004:00003586       _Spx_LogError@64           0001f586 f   spxutils.obj
 0004:000036b0       _Spx_LogMessage@52         0001f6b0 f   spxutils.obj
 0004:00003b90       _SpxGetNtCardType@4        0001fb90 f   spd_w2k.obj
 0004:00003da4       _XXX_CardPowerUp@4         0001fda4 f   spd_powr.obj
 0004:00003da4       _XXX_PortQueryPowerDown@4  0001fda4 f   spd_powr.obj
 0004:00003da4       _XXX_CardPowerDown@4       0001fda4 f   spd_powr.obj
 0004:00003daa       _XXX_PortPowerDown@4       0001fdaa f   spd_powr.obj
 0004:00003e02       _XXX_PortPowerUp@4         0001fe02 f   spd_powr.obj
 0004:00003eae       _SpeedPort_WmiQueryRegInfo@24 0001feae f   spd_wmi.obj
 0004:00003ee0       _SpeedPort_WmiQueryDataBlock@32 0001fee0 f   spd_wmi.obj
 0004:00004186       _SpeedPort_WmiSetDataBlock@24 00020186 f   spd_wmi.obj
 0004:00004510       _SpeedPort_WmiSetDataItem@28 00020510 f   spd_wmi.obj
 0004:00004820       _SpeedPort_WmiInitializeWmilibContext@4 00020820 f   spd_wmi.obj
 0004:0000487a       _SpeedCard_WmiQueryRegInfo@24 0002087a f   spd_cwmi.obj
 0004:000048b4       _SpeedCard_WmiQueryDataBlock@32 000208b4 f   spd_cwmi.obj
 0004:00004988       _SpeedCard_WmiSetDataBlock@24 00020988 f   spd_cwmi.obj
 0004:00004bd4       _SpeedCard_WmiSetDataItem@28 00020bd4 f   spd_cwmi.obj
 0004:00004de6       _SpeedCard_WmiInitializeWmilibContext@4 00020de6 f   spd_cwmi.obj
 0005:00000032       _DriverEntry@8             00021032 f   spx_init.obj
 0005:00000199       _GsDriverEntry@8           00021199 f   BufferOverflowK:gs_support.obj
 0005:000001cc       __IMPORT_DESCRIPTOR_ntoskrnl 000211cc     ntoskrnl:ntoskrnl.exe
 0005:000001e0       __IMPORT_DESCRIPTOR_HAL    000211e0     hal:HAL.dll
 0005:000001f4       __IMPORT_DESCRIPTOR_WMILIB 000211f4     wmilib:WMILIB.SYS
 0005:00000208       __NULL_IMPORT_DESCRIPTOR   00021208     ntoskrnl:ntoskrnl.exe

 entry point at        0005:00000199

 Static symbols

